Archive member included to satisfy reference by file (symbol)

C:/ST/STM32CubeIDE_1.16.1/STM32CubeIDE/plugins/com.st.stm32cube.ide.mcu.externaltools.gnu-tools-for-stm32.12.3.rel1.win32_1.0.200.202406191623/tools/bin/../lib/gcc/arm-none-eabi/12.3.1/../../../../arm-none-eabi/lib/thumb/v6-m/nofp\libc_nano.a(libc_a-exit.o)
                              C:/ST/STM32CubeIDE_1.16.1/STM32CubeIDE/plugins/com.st.stm32cube.ide.mcu.externaltools.gnu-tools-for-stm32.12.3.rel1.win32_1.0.200.202406191623/tools/bin/../lib/gcc/arm-none-eabi/12.3.1/../../../../arm-none-eabi/lib/thumb/v6-m/nofp/crt0.o (exit)
C:/ST/STM32CubeIDE_1.16.1/STM32CubeIDE/plugins/com.st.stm32cube.ide.mcu.externaltools.gnu-tools-for-stm32.12.3.rel1.win32_1.0.200.202406191623/tools/bin/../lib/gcc/arm-none-eabi/12.3.1/../../../../arm-none-eabi/lib/thumb/v6-m/nofp\libc_nano.a(libc_a-findfp.o)
                              C:/ST/STM32CubeIDE_1.16.1/STM32CubeIDE/plugins/com.st.stm32cube.ide.mcu.externaltools.gnu-tools-for-stm32.12.3.rel1.win32_1.0.200.202406191623/tools/bin/../lib/gcc/arm-none-eabi/12.3.1/../../../../arm-none-eabi/lib/thumb/v6-m/nofp\libc_nano.a(libc_a-exit.o) (__stdio_exit_handler)
C:/ST/STM32CubeIDE_1.16.1/STM32CubeIDE/plugins/com.st.stm32cube.ide.mcu.externaltools.gnu-tools-for-stm32.12.3.rel1.win32_1.0.200.202406191623/tools/bin/../lib/gcc/arm-none-eabi/12.3.1/../../../../arm-none-eabi/lib/thumb/v6-m/nofp\libc_nano.a(libc_a-fwalk.o)
                              C:/ST/STM32CubeIDE_1.16.1/STM32CubeIDE/plugins/com.st.stm32cube.ide.mcu.externaltools.gnu-tools-for-stm32.12.3.rel1.win32_1.0.200.202406191623/tools/bin/../lib/gcc/arm-none-eabi/12.3.1/../../../../arm-none-eabi/lib/thumb/v6-m/nofp\libc_nano.a(libc_a-findfp.o) (_fwalk_sglue)
C:/ST/STM32CubeIDE_1.16.1/STM32CubeIDE/plugins/com.st.stm32cube.ide.mcu.externaltools.gnu-tools-for-stm32.12.3.rel1.win32_1.0.200.202406191623/tools/bin/../lib/gcc/arm-none-eabi/12.3.1/../../../../arm-none-eabi/lib/thumb/v6-m/nofp\libc_nano.a(libc_a-stdio.o)
                              C:/ST/STM32CubeIDE_1.16.1/STM32CubeIDE/plugins/com.st.stm32cube.ide.mcu.externaltools.gnu-tools-for-stm32.12.3.rel1.win32_1.0.200.202406191623/tools/bin/../lib/gcc/arm-none-eabi/12.3.1/../../../../arm-none-eabi/lib/thumb/v6-m/nofp\libc_nano.a(libc_a-findfp.o) (__sread)
C:/ST/STM32CubeIDE_1.16.1/STM32CubeIDE/plugins/com.st.stm32cube.ide.mcu.externaltools.gnu-tools-for-stm32.12.3.rel1.win32_1.0.200.202406191623/tools/bin/../lib/gcc/arm-none-eabi/12.3.1/../../../../arm-none-eabi/lib/thumb/v6-m/nofp\libc_nano.a(libc_a-memset.o)
                              C:/ST/STM32CubeIDE_1.16.1/STM32CubeIDE/plugins/com.st.stm32cube.ide.mcu.externaltools.gnu-tools-for-stm32.12.3.rel1.win32_1.0.200.202406191623/tools/bin/../lib/gcc/arm-none-eabi/12.3.1/../../../../arm-none-eabi/lib/thumb/v6-m/nofp/crt0.o (memset)
C:/ST/STM32CubeIDE_1.16.1/STM32CubeIDE/plugins/com.st.stm32cube.ide.mcu.externaltools.gnu-tools-for-stm32.12.3.rel1.win32_1.0.200.202406191623/tools/bin/../lib/gcc/arm-none-eabi/12.3.1/../../../../arm-none-eabi/lib/thumb/v6-m/nofp\libc_nano.a(libc_a-closer.o)
                              C:/ST/STM32CubeIDE_1.16.1/STM32CubeIDE/plugins/com.st.stm32cube.ide.mcu.externaltools.gnu-tools-for-stm32.12.3.rel1.win32_1.0.200.202406191623/tools/bin/../lib/gcc/arm-none-eabi/12.3.1/../../../../arm-none-eabi/lib/thumb/v6-m/nofp\libc_nano.a(libc_a-stdio.o) (_close_r)
C:/ST/STM32CubeIDE_1.16.1/STM32CubeIDE/plugins/com.st.stm32cube.ide.mcu.externaltools.gnu-tools-for-stm32.12.3.rel1.win32_1.0.200.202406191623/tools/bin/../lib/gcc/arm-none-eabi/12.3.1/../../../../arm-none-eabi/lib/thumb/v6-m/nofp\libc_nano.a(libc_a-reent.o)
                              C:/ST/STM32CubeIDE_1.16.1/STM32CubeIDE/plugins/com.st.stm32cube.ide.mcu.externaltools.gnu-tools-for-stm32.12.3.rel1.win32_1.0.200.202406191623/tools/bin/../lib/gcc/arm-none-eabi/12.3.1/../../../../arm-none-eabi/lib/thumb/v6-m/nofp\libc_nano.a(libc_a-closer.o) (errno)
C:/ST/STM32CubeIDE_1.16.1/STM32CubeIDE/plugins/com.st.stm32cube.ide.mcu.externaltools.gnu-tools-for-stm32.12.3.rel1.win32_1.0.200.202406191623/tools/bin/../lib/gcc/arm-none-eabi/12.3.1/../../../../arm-none-eabi/lib/thumb/v6-m/nofp\libc_nano.a(libc_a-impure.o)
                              C:/ST/STM32CubeIDE_1.16.1/STM32CubeIDE/plugins/com.st.stm32cube.ide.mcu.externaltools.gnu-tools-for-stm32.12.3.rel1.win32_1.0.200.202406191623/tools/bin/../lib/gcc/arm-none-eabi/12.3.1/../../../../arm-none-eabi/lib/thumb/v6-m/nofp\libc_nano.a(libc_a-reent.o) (_impure_ptr)
C:/ST/STM32CubeIDE_1.16.1/STM32CubeIDE/plugins/com.st.stm32cube.ide.mcu.externaltools.gnu-tools-for-stm32.12.3.rel1.win32_1.0.200.202406191623/tools/bin/../lib/gcc/arm-none-eabi/12.3.1/../../../../arm-none-eabi/lib/thumb/v6-m/nofp\libc_nano.a(libc_a-lseekr.o)
[...]
Memory Configuration

Name             Origin             Length             Attributes
RAM              0x20000000         0x00001800         xrw
FLASH            0x08000000         0x00008000         xr
*default*        0x00000000         0xffffffff

Linker script and memory map

LOAD C:/ST/STM32CubeIDE_1.16.1/STM32CubeIDE/plugins/com.st.stm32cube.ide.mcu.externaltools.gnu-tools-for-stm32.12.3.rel1.win32_1.0.200.202406191623/tools/bin/../lib/gcc/arm-none-eabi/12.3.1/thumb/v6-m/nofp/crti.o
LOAD C:/ST/STM32CubeIDE_1.16.1/STM32CubeIDE/plugins/com.st.stm32cube.ide.mcu.externaltools.gnu-tools-for-stm32.12.3.rel1.win32_1.0.200.202406191623/tools/bin/../lib/gcc/arm-none-eabi/12.3.1/thumb/v6-m/nofp/crtbegin.o
LOAD C:/ST/STM32CubeIDE_1.16.1/STM32CubeIDE/plugins/com.st.stm32cube.ide.mcu.externaltools.gnu-tools-for-stm32.12.3.rel1.win32_1.0.200.202406191623/tools/bin/../lib/gcc/arm-none-eabi/12.3.1/../../../../arm-none-eabi/lib/thumb/v6-m/nofp/crt0.o
LOAD ./Core/Src/main.o
LOAD ./Core/Src/stm32c0xx_hal_msp.o
LOAD ./Core/Src/stm32c0xx_it.o
LOAD ./Core/Src/syscalls.o
LOAD ./Core/Src/sysmem.o
LOAD ./Core/Src/system_stm32c0xx.o
LOAD ./Core/Src/ta6932.o
LOAD ./Core/Startup/startup_stm32c011f6px.o
LOAD ./Drivers/STM32C0xx_HAL_Driver/Src/stm32c0xx_hal.o
LOAD ./Drivers/STM32C0xx_HAL_Driver/Src/stm32c0xx_hal_cortex.o
LOAD ./Drivers/STM32C0xx_HAL_Driver/Src/stm32c0xx_hal_dma.o
LOAD ./Drivers/STM32C0xx_HAL_Driver/Src/stm32c0xx_hal_dma_ex.o
LOAD ./Drivers/STM32C0xx_HAL_Driver/Src/stm32c0xx_hal_exti.o
LOAD ./Drivers/STM32C0xx_HAL_Driver/Src/stm32c0xx_hal_flash.o
LOAD ./Drivers/STM32C0xx_HAL_Driver/Src/stm32c0xx_hal_flash_ex.o
LOAD ./Drivers/STM32C0xx_HAL_Driver/Src/stm32c0xx_hal_gpio.o
LOAD ./Drivers/STM32C0xx_HAL_Driver/Src/stm32c0xx_hal_pwr.o
LOAD ./Drivers/STM32C0xx_HAL_Driver/Src/stm32c0xx_hal_pwr_ex.o
LOAD ./Drivers/STM32C0xx_HAL_Driver/Src/stm32c0xx_hal_rcc.o
LOAD ./Drivers/STM32C0xx_HAL_Driver/Src/stm32c0xx_hal_rcc_ex.o
LOAD ./Drivers/STM32C0xx_HAL_Driver/Src/stm32c0xx_hal_spi.o
LOAD ./Drivers/STM32C0xx_HAL_Driver/Src/stm32c0xx_hal_spi_ex.o
START GROUP
LOAD C:/ST/STM32CubeIDE_1.16.1/STM32CubeIDE/plugins/com.st.stm32cube.ide.mcu.externaltools.gnu-tools-for-stm32.12.3.rel1.win32_1.0.200.202406191623/tools/bin/../lib/gcc/arm-none-eabi/12.3.1/../../../../arm-none-eabi/lib/thumb/v6-m/nofp\libc_nano.a
LOAD C:/ST/STM32CubeIDE_1.16.1/STM32CubeIDE/plugins/com.st.stm32cube.ide.mcu.externaltools.gnu-tools-for-stm32.12.3.rel1.win32_1.0.200.202406191623/tools/bin/../lib/gcc/arm-none-eabi/12.3.1/../../../../arm-none-eabi/lib/thumb/v6-m/nofp\libm.a
END GROUP
START GROUP
LOAD C:/ST/STM32CubeIDE_1.16.1/STM32CubeIDE/plugins/com.st.stm32cube.ide.mcu.externaltools.gnu-tools-for-stm32.12.3.rel1.win32_1.0.200.202406191623/tools/bin/../lib/gcc/arm-none-eabi/12.3.1/thumb/v6-m/nofp\libgcc.a
LOAD C:/ST/STM32CubeIDE_1.16.1/STM32CubeIDE/plugins/com.st.stm32cube.ide.mcu.externaltools.gnu-tools-for-stm32.12.3.rel1.win32_1.0.200.202406191623/tools/bin/../lib/gcc/arm-none-eabi/12.3.1/../../../../arm-none-eabi/lib/thumb/v6-m/nofp\libc_nano.a
END GROUP
START GROUP
LOAD C:/ST/STM32CubeIDE_1.16.1/STM32CubeIDE/plugins/com.st.stm32cube.ide.mcu.externaltools.gnu-tools-for-stm32.12.3.rel1.win32_1.0.200.202406191623/tools/bin/../lib/gcc/arm-none-eabi/12.3.1/thumb/v6-m/nofp\libgcc.a
LOAD C:/ST/STM32CubeIDE_1.16.1/STM32CubeIDE/plugins/com.st.stm32cube.ide.mcu.externaltools.gnu-tools-for-stm32.12.3.rel1.win32_1.0.200.202406191623/tools/bin/../lib/gcc/arm-none-eabi/12.3.1/../../../../arm-none-eabi/lib/thumb/v6-m/nofp\libc_nano.a
LOAD C:/ST/STM32CubeIDE_1.16.1/STM32CubeIDE/plugins/com.st.stm32cube.ide.mcu.externaltools.gnu-tools-for-stm32.12.3.rel1.win32_1.0.200.202406191623/tools/bin/../lib/gcc/arm-none-eabi/12.3.1/../../../../arm-none-eabi/lib/thumb/v6-m/nofp\libnosys.a
END GROUP
START GROUP
LOAD C:/ST/STM32CubeIDE_1.16.1/STM32CubeIDE/plugins/com.st.stm32cube.ide.mcu.externaltools.gnu-tools-for-stm32.12.3.rel1.win32_1.0.200.202406191623/tools/bin/../lib/gcc/arm-none-eabi/12.3.1/thumb/v6-m/nofp\libgcc.a
LOAD C:/ST/STM32CubeIDE_1.16.1/STM32CubeIDE/plugins/com.st.stm32cube.ide.mcu.externaltools.gnu-tools-for-stm32.12.3.rel1.win32_1.0.200.202406191623/tools/bin/../lib/gcc/arm-none-eabi/12.3.1/../../../../arm-none-eabi/lib/thumb/v6-m/nofp\libc_nano.a
LOAD C:/ST/STM32CubeIDE_1.16.1/STM32CubeIDE/plugins/com.st.stm32cube.ide.mcu.externaltools.gnu-tools-for-stm32.12.3.rel1.win32_1.0.200.202406191623/tools/bin/../lib/gcc/arm-none-eabi/12.3.1/../../../../arm-none-eabi/lib/thumb/v6-m/nofp\libnosys.a
END GROUP
LOAD C:/ST/STM32CubeIDE_1.16.1/STM32CubeIDE/plugins/com.st.stm32cube.ide.mcu.externaltools.gnu-tools-for-stm32.12.3.rel1.win32_1.0.200.202406191623/tools/bin/../lib/gcc/arm-none-eabi/12.3.1/thumb/v6-m/nofp/crtend.o
LOAD C:/ST/STM32CubeIDE_1.16.1/STM32CubeIDE/plugins/com.st.stm32cube.ide.mcu.externaltools.gnu-tools-for-stm32.12.3.rel1.win32_1.0.200.202406191623/tools/bin/../lib/gcc/arm-none-eabi/12.3.1/thumb/v6-m/nofp/crtn.o
                0x20001800                        _estack = (ORIGIN (RAM) + LENGTH (RAM))
                0x00000200                        _Min_Heap_Size = 0x200
                0x00000400                        _Min_Stack_Size = 0x400

.isr_vector     0x08000000       0xc0
                0x08000000                        . = ALIGN (0x4)
 *(.isr_vector)
 .isr_vector    0x08000000       0xc0 ./Core/Startup/startup_stm32c011f6px.o
                0x08000000                g_pfnVectors
                0x080000c0                        . = ALIGN (0x4)

.text           0x080000c0     0x20d8
                0x080000c0                        . = ALIGN (0x4)
 *(.text)
 .text          0x080000c0       0x48 C:/ST/STM32CubeIDE_1.16.1/STM32CubeIDE/plugins/com.st.stm32cube.ide.mcu.externaltools.gnu-tools-for-stm32.12.3.rel1.win32_1.0.200.202406191623/tools/bin/../lib/gcc/arm-none-eabi/12.3.1/thumb/v6-m/nofp/crtbegin.o
 .text          0x08000108      0x114 C:/ST/STM32CubeIDE_1.16.1/STM32CubeIDE/plugins/com.st.stm32cube.ide.mcu.externaltools.gnu-tools-for-stm32.12.3.rel1.win32_1.0.200.202406191623/tools/bin/../lib/gcc/arm-none-eabi/12.3.1/thumb/v6-m/nofp\libgcc.a(_udivsi3.o)
                0x08000108                __aeabi_uidiv
                0x08000108                __udivsi3
                0x08000214                __aeabi_uidivmod
 .text          0x0800021c        0x4 C:/ST/STM32CubeIDE_1.16.1/STM32CubeIDE/plugins/com.st.stm32cube.ide.mcu.externaltools.gnu-tools-for-stm32.12.3.rel1.win32_1.0.200.202406191623/tools/bin/../lib/gcc/arm-none-eabi/12.3.1/thumb/v6-m/nofp\libgcc.a(_dvmd_tls.o)
                0x0800021c                __aeabi_idiv0
                0x0800021c                __aeabi_ldiv0
 *(.text*)
 .text.main     0x08000220      0x148 ./Core/Src/main.o
                0x08000220                main
 .text.SystemClock_Config
                0x08000368       0x86 ./Core/Src/main.o
                0x08000368                SystemClock_Config
 *fill*         0x080003ee        0x2 
 .text.MX_SPI1_Init
                0x080003f0       0x7c ./Core/Src/main.o
 .text.MX_GPIO_Init
                0x0800046c       0x88 ./Core/Src/main.o
 .text.Error_Handler
                0x080004f4        0xc ./Core/Src/main.o
                0x080004f4                Error_Handler
 .text.HAL_MspInit
                0x08000500       0x48 ./Core/Src/stm32c0xx_hal_msp.o
                0x08000500                HAL_MspInit
 .text.HAL_SPI_MspInit
                0x08000548       0xc4 ./Core/Src/stm32c0xx_hal_msp.o
                0x08000548                HAL_SPI_MspInit
 .text.NMI_Handler
                0x0800060c        0x8 ./Core/Src/stm32c0xx_it.o
                0x0800060c                NMI_Handler
 .text.HardFault_Handler
                0x08000614        0x8 ./Core/Src/stm32c0xx_it.o
                0x08000614                HardFault_Handler
 .text.SVC_Handler
                0x0800061c        0xa ./Core/Src/stm32c0xx_it.o
                0x0800061c                SVC_Handler
 .text.PendSV_Handler
                0x08000626        0xa ./Core/Src/stm32c0xx_it.o
                0x08000626                PendSV_Handler
 .text.SysTick_Handler
                0x08000630        0xe ./Core/Src/stm32c0xx_it.o
                0x08000630                SysTick_Handler
 *fill*         0x0800063e        0x2 
 .text.SystemInit
                0x08000640       0x18 ./Core/Src/system_stm32c0xx.o
                0x08000640                SystemInit
 .text.TA_STB   0x08000658       0x26 ./Core/Src/ta6932.o
 *fill*         0x0800067e        0x2 
 .text.TA_sendByte
                0x08000680       0x28 ./Core/Src/ta6932.o
 .text.TA_cmd   0x080006a8       0x2a ./Core/Src/ta6932.o
 .text.TA_writeSeq
                0x080006d2       0x90 ./Core/Src/ta6932.o
 *fill*         0x08000762        0x2 
 .text.font_init
                0x08000764      0x164 ./Core/Src/ta6932.o
 .text.TA6932_DisplayOn
                0x080008c8       0x2c ./Core/Src/ta6932.o
                0x080008c8                TA6932_DisplayOn
 .text.TA6932_putRaw
                0x080008f4       0x30 ./Core/Src/ta6932.o
                0x080008f4                TA6932_putRaw
 .text.TA6932_loadBuffer
                0x08000924       0x3c ./Core/Src/ta6932.o
                0x08000924                TA6932_loadBuffer
 .text.TA6932_Init
                0x08000960       0x24 ./Core/Src/ta6932.o
                0x08000960                TA6932_Init
 .text.TA6932_WriteAll
                0x08000984       0x1c ./Core/Src/ta6932.o
                0x08000984                TA6932_WriteAll
 .text.TA6932_Clear
                0x080009a0       0x34 ./Core/Src/ta6932.o
                0x080009a0                TA6932_Clear
 .text.TA6932_WriteOneRaw
                0x080009d4       0x90 ./Core/Src/ta6932.o
                0x080009d4                TA6932_WriteOneRaw
 .text.TA_resolveValue
                0x08000a64       0x90 ./Core/Src/ta6932.o
 .text.TA6932_putOne
                0x08000af4       0x3e ./Core/Src/ta6932.o
                0x08000af4                TA6932_putOne
 .text.TA6932_putOneBuf
                0x08000b32       0x3e ./Core/Src/ta6932.o
                0x08000b32                TA6932_putOneBuf
 .text.Reset_Handler
                0x08000b70       0x50 ./Core/Startup/startup_stm32c011f6px.o
                0x08000b70                Reset_Handler
 .text.Default_Handler
                0x08000bc0        0x2 ./Core/Startup/startup_stm32c011f6px.o
                0x08000bc0                TIM1_CC_IRQHandler
                0x08000bc0                I2C1_IRQHandler
                0x08000bc0                DMAMUX1_IRQHandler
                0x08000bc0                SPI1_IRQHandler
                0x08000bc0                EXTI2_3_IRQHandler
                0x08000bc0                ADC1_IRQHandler
                0x08000bc0                TIM17_IRQHandler
                0x08000bc0                RTC_IRQHandler
                0x08000bc0                TIM16_IRQHandler
                0x08000bc0                TIM3_IRQHandler
                0x08000bc0                EXTI4_15_IRQHandler
                0x08000bc0                RCC_IRQHandler
                0x08000bc0                DMA1_Channel1_IRQHandler
                0x08000bc0                Default_Handler
                0x08000bc0                TIM14_IRQHandler
                0x08000bc0                EXTI0_1_IRQHandler
                0x08000bc0                WWDG_IRQHandler
                0x08000bc0                DMA1_Channel2_3_IRQHandler
                0x08000bc0                USART2_IRQHandler
                0x08000bc0                FLASH_IRQHandler
                0x08000bc0                USART1_IRQHandler
                0x08000bc0                TIM1_BRK_UP_TRG_COM_IRQHandler
 .text.HAL_Init
                0x08000bc2       0x2e ./Drivers/STM32C0xx_HAL_Driver/Src/stm32c0xx_hal.o
                0x08000bc2                HAL_Init
 .text.HAL_InitTick
                0x08000bf0       0x94 ./Drivers/STM32C0xx_HAL_Driver/Src/stm32c0xx_hal.o
                0x08000bf0                HAL_InitTick
 .text.HAL_IncTick
                0x08000c84       0x24 ./Drivers/STM32C0xx_HAL_Driver/Src/stm32c0xx_hal.o
                0x08000c84                HAL_IncTick
 .text.HAL_GetTick
                0x08000ca8       0x14 ./Drivers/STM32C0xx_HAL_Driver/Src/stm32c0xx_hal.o
                0x08000ca8                HAL_GetTick
 .text.HAL_Delay
                0x08000cbc       0x48 ./Drivers/STM32C0xx_HAL_Driver/Src/stm32c0xx_hal.o
                0x08000cbc                HAL_Delay
 .text.__NVIC_SetPriority
                0x08000d04       0xdc ./Drivers/STM32C0xx_HAL_Driver/Src/stm32c0xx_hal_cortex.o
 .text.SysTick_Config
                0x08000de0       0x48 ./Drivers/STM32C0xx_HAL_Driver/Src/stm32c0xx_hal_cortex.o
 .text.HAL_NVIC_SetPriority
                0x08000e28       0x2a ./Drivers/STM32C0xx_HAL_Driver/Src/stm32c0xx_hal_cortex.o
                0x08000e28                HAL_NVIC_SetPriority
 .text.HAL_SYSTICK_Config
                0x08000e52       0x1a ./Drivers/STM32C0xx_HAL_Driver/Src/stm32c0xx_hal_cortex.o
                0x08000e52                HAL_SYSTICK_Config
 .text.HAL_GPIO_Init
                0x08000e6c      0x2d4 ./Drivers/STM32C0xx_HAL_Driver/Src/stm32c0xx_hal_gpio.o
                0x08000e6c                HAL_GPIO_Init
 .text.HAL_GPIO_WritePin
                0x08001140       0x3a ./Drivers/STM32C0xx_HAL_Driver/Src/stm32c0xx_hal_gpio.o
                0x08001140                HAL_GPIO_WritePin
 *fill*         0x0800117a        0x2 
 .text.HAL_RCC_OscConfig
                0x0800117c      0x3c8 ./Drivers/STM32C0xx_HAL_Driver/Src/stm32c0xx_hal_rcc.o
                0x0800117c                HAL_RCC_OscConfig
 .text.HAL_RCC_ClockConfig
                0x08001544      0x214 ./Drivers/STM32C0xx_HAL_Driver/Src/stm32c0xx_hal_rcc.o
                0x08001544                HAL_RCC_ClockConfig
 .text.HAL_RCC_GetSysClockFreq
                0x08001758       0x84 ./Drivers/STM32C0xx_HAL_Driver/Src/stm32c0xx_hal_rcc.o
                0x08001758                HAL_RCC_GetSysClockFreq
 .text.HAL_RCCEx_PeriphCLKConfig
                0x080017dc      0x1dc ./Drivers/STM32C0xx_HAL_Driver/Src/stm32c0xx_hal_rcc_ex.o
                0x080017dc                HAL_RCCEx_PeriphCLKConfig
 .text.HAL_SPI_Init
                0x080019b8      0x170 ./Drivers/STM32C0xx_HAL_Driver/Src/stm32c0xx_hal_spi.o
                0x080019b8                HAL_SPI_Init
 .text.HAL_SPI_Transmit
                0x08001b28      0x312 ./Drivers/STM32C0xx_HAL_Driver/Src/stm32c0xx_hal_spi.o
                0x08001b28                HAL_SPI_Transmit
 *fill*         0x08001e3a        0x2 
 .text.SPI_WaitFlagStateUntilTimeout
                0x08001e3c      0x11c ./Drivers/STM32C0xx_HAL_Driver/Src/stm32c0xx_hal_spi.o
 .text.SPI_WaitFifoStateUntilTimeout
                0x08001f58      0x144 ./Drivers/STM32C0xx_HAL_Driver/Src/stm32c0xx_hal_spi.o
 .text.SPI_EndRxTxTransaction
                0x0800209c       0x8c ./Drivers/STM32C0xx_HAL_Driver/Src/stm32c0xx_hal_spi.o
 .text.memset   0x08002128       0x10 C:/ST/STM32CubeIDE_1.16.1/STM32CubeIDE/plugins/com.st.stm32cube.ide.mcu.externaltools.gnu-tools-for-stm32.12.3.rel1.win32_1.0.200.202406191623/tools/bin/../lib/gcc/arm-none-eabi/12.3.1/../../../../arm-none-eabi/lib/thumb/v6-m/nofp\libc_nano.a(libc_a-memset.o)
                0x08002128                memset
 .text.__libc_init_array
                0x08002138       0x48 C:/ST/STM32CubeIDE_1.16.1/STM32CubeIDE/plugins/com.st.stm32cube.ide.mcu.externaltools.gnu-tools-for-stm32.12.3.rel1.win32_1.0.200.202406191623/tools/bin/../lib/gcc/arm-none-eabi/12.3.1/../../../../arm-none-eabi/lib/thumb/v6-m/nofp\libc_nano.a(libc_a-init.o)
                0x08002138                __libc_init_array
 *(.glue_7)
 .glue_7        0x08002180        0x0 linker stubs
 *(.glue_7t)
 .glue_7t       0x08002180        0x0 linker stubs
 *(.eh_frame)
 .eh_frame      0x08002180        0x0 C:/ST/STM32CubeIDE_1.16.1/STM32CubeIDE/plugins/com.st.stm32cube.ide.mcu.externaltools.gnu-tools-for-stm32.12.3.rel1.win32_1.0.200.202406191623/tools/bin/../lib/gcc/arm-none-eabi/12.3.1/thumb/v6-m/nofp/crtbegin.o
 *(.init)
 .init          0x08002180        0x4 C:/ST/STM32CubeIDE_1.16.1/STM32CubeIDE/plugins/com.st.stm32cube.ide.mcu.externaltools.gnu-tools-for-stm32.12.3.rel1.win32_1.0.200.202406191623/tools/bin/../lib/gcc/arm-none-eabi/12.3.1/thumb/v6-m/nofp/crti.o
                0x08002180                _init
 .init          0x08002184        0x8 C:/ST/STM32CubeIDE_1.16.1/STM32CubeIDE/plugins/com.st.stm32cube.ide.mcu.externaltools.gnu-tools-for-stm32.12.3.rel1.win32_1.0.200.202406191623/tools/bin/../lib/gcc/arm-none-eabi/12.3.1/thumb/v6-m/nofp/crtn.o
 *(.fini)
 .fini          0x0800218c        0x4 C:/ST/STM32CubeIDE_1.16.1/STM32CubeIDE/plugins/com.st.stm32cube.ide.mcu.externaltools.gnu-tools-for-stm32.12.3.rel1.win32_1.0.200.202406191623/tools/bin/../lib/gcc/arm-none-eabi/12.3.1/thumb/v6-m/nofp/crti.o
                0x0800218c                _fini
 .fini          0x08002190        0x8 C:/ST/STM32CubeIDE_1.16.1/STM32CubeIDE/plugins/com.st.stm32cube.ide.mcu.externaltools.gnu-tools-for-stm32.12.3.rel1.win32_1.0.200.202406191623/tools/bin/../lib/gcc/arm-none-eabi/12.3.1/thumb/v6-m/nofp/crtn.o
                0x08002198                        . = ALIGN (0x4)
                0x08002198                        _etext = .

.vfp11_veneer   0x08002198        0x0
 .vfp11_veneer  0x08002198        0x0 linker stubs

.v4_bx          0x08002198        0x0
 .v4_bx         0x08002198        0x0 linker stubs

.iplt           0x08002198        0x0
 .iplt          0x08002198        0x0 C:/ST/STM32CubeIDE_1.16.1/STM32CubeIDE/plugins/com.st.stm32cube.ide.mcu.externaltools.gnu-tools-for-stm32.12.3.rel1.win32_1.0.200.202406191623/tools/bin/../lib/gcc/arm-none-eabi/12.3.1/thumb/v6-m/nofp/crtbegin.o

.rodata         0x08002198       0x4c
                0x08002198                        . = ALIGN (0x4)
 *(.rodata)
 .rodata        0x08002198        0xb ./Core/Src/main.o
 *(.rodata*)
 *fill*         0x080021a3        0x1 
 .rodata.AHBPrescTable
                0x080021a4       0x40 ./Core/Src/system_stm32c0xx.o
                0x080021a4                AHBPrescTable
                0x080021e4                        . = ALIGN (0x4)

.rel.dyn        0x080021e4        0x0
 .rel.iplt      0x080021e4        0x0 C:/ST/STM32CubeIDE_1.16.1/STM32CubeIDE/plugins/com.st.stm32cube.ide.mcu.externaltools.gnu-tools-for-stm32.12.3.rel1.win32_1.0.200.202406191623/tools/bin/../lib/gcc/arm-none-eabi/12.3.1/thumb/v6-m/nofp/crtbegin.o

.ARM.extab      0x080021e4        0x0
                0x080021e4                        . = ALIGN (0x4)
 *(.ARM.extab* .gnu.linkonce.armextab.*)
                0x080021e4                        . = ALIGN (0x4)

.ARM            0x080021e4        0x0
                0x080021e4                        . = ALIGN (0x4)
                0x080021e4                        __exidx_start = .
 *(.ARM.exidx*)
                0x080021e4                        __exidx_end = .
                0x080021e4                        . = ALIGN (0x4)

.preinit_array  0x080021e4        0x0
                0x080021e4                        . = ALIGN (0x4)
                0x080021e4                        PROVIDE (__preinit_array_start = .)
 *(.preinit_array*)
                0x080021e4                        PROVIDE (__preinit_array_end = .)
                0x080021e4                        . = ALIGN (0x4)

.init_array     0x080021e4        0x4
                0x080021e4                        . = ALIGN (0x4)
                0x080021e4                        PROVIDE (__init_array_start = .)
 *(SORT_BY_NAME(.init_array.*))
 *(.init_array*)
 .init_array    0x080021e4        0x4 C:/ST/STM32CubeIDE_1.16.1/STM32CubeIDE/plugins/com.st.stm32cube.ide.mcu.externaltools.gnu-tools-for-stm32.12.3.rel1.win32_1.0.200.202406191623/tools/bin/../lib/gcc/arm-none-eabi/12.3.1/thumb/v6-m/nofp/crtbegin.o
                0x080021e8                        PROVIDE (__init_array_end = .)
                0x080021e8                        . = ALIGN (0x4)

.fini_array     0x080021e8        0x4
                0x080021e8                        . = ALIGN (0x4)
                [!provide]                        PROVIDE (__fini_array_start = .)
 *(SORT_BY_NAME(.fini_array.*))
 *(.fini_array*)
 .fini_array    0x080021e8        0x4 C:/ST/STM32CubeIDE_1.16.1/STM32CubeIDE/plugins/com.st.stm32cube.ide.mcu.externaltools.gnu-tools-for-stm32.12.3.rel1.win32_1.0.200.202406191623/tools/bin/../lib/gcc/arm-none-eabi/12.3.1/thumb/v6-m/nofp/crtbegin.o
                [!provide]                        PROVIDE (__fini_array_end = .)
                0x080021ec                        . = ALIGN (0x4)
                0x080021ec                        _sidata = LOADADDR (.data)

.data           0x20000000       0x10 load address 0x080021ec
                0x20000000                        . = ALIGN (0x4)
                0x20000000                        _sdata = .
 *(.data)
 *(.data*)
 .data.SystemCoreClock
                0x20000000        0x4 ./Core/Src/system_stm32c0xx.o
                0x20000000                SystemCoreClock
 .data.s_brightness
                0x20000004        0x1 ./Core/Src/ta6932.o
 *fill*         0x20000005        0x3 
 .data.uwTickPrio
                0x20000008        0x4 ./Drivers/STM32C0xx_HAL_Driver/Src/stm32c0xx_hal.o
                0x20000008                uwTickPrio
 .data.uwTickFreq
                0x2000000c        0x1 ./Drivers/STM32C0xx_HAL_Driver/Src/stm32c0xx_hal.o
                0x2000000c                uwTickFreq
 *(.RamFunc)
 *(.RamFunc*)
                0x20000010                        . = ALIGN (0x4)
 *fill*         0x2000000d        0x3 
                0x20000010                        _edata = .

.igot.plt       0x20000010        0x0 load address 0x080021fc
 .igot.plt      0x20000010        0x0 C:/ST/STM32CubeIDE_1.16.1/STM32CubeIDE/plugins/com.st.stm32cube.ide.mcu.externaltools.gnu-tools-for-stm32.12.3.rel1.win32_1.0.200.202406191623/tools/bin/../lib/gcc/arm-none-eabi/12.3.1/thumb/v6-m/nofp/crtbegin.o
                0x20000010                        . = ALIGN (0x4)

.bss            0x20000010      0x118 load address 0x080021fc
                0x20000010                        _sbss = .
                0x20000010                        __bss_start__ = _sbss
 *(.bss)
 .bss           0x20000010       0x1c C:/ST/STM32CubeIDE_1.16.1/STM32CubeIDE/plugins/com.st.stm32cube.ide.mcu.externaltools.gnu-tools-for-stm32.12.3.rel1.win32_1.0.200.202406191623/tools/bin/../lib/gcc/arm-none-eabi/12.3.1/thumb/v6-m/nofp/crtbegin.o
 *(.bss*)
 .bss.counter   0x2000002c        0x1 ./Core/Src/main.o
                0x2000002c                counter
 *fill*         0x2000002d        0x3 
 .bss.hspi1     0x20000030       0x64 ./Core/Src/main.o
                0x20000030                hspi1
 .bss.font7seg  0x20000094       0x80 ./Core/Src/ta6932.o
 .bss.g_buf     0x20000114       0x10 ./Core/Src/ta6932.o
 .bss.uwTick    0x20000124        0x4 ./Drivers/STM32C0xx_HAL_Driver/Src/stm32c0xx_hal.o
                0x20000124                uwTick
 *(COMMON)
                0x20000128                        . = ALIGN (0x4)
                0x20000128                        _ebss = .
                0x20000128                        __bss_end__ = _ebss

._user_heap_stack
                0x20000128      0x600 load address 0x080021fc
                0x20000128                        . = ALIGN (0x8)
                [!provide]                        PROVIDE (end = .)
                0x20000128                        PROVIDE (_end = .)
                0x20000328                        . = (. + _Min_Heap_Size)
 *fill*         0x20000128      0x200 
                0x20000728                        . = (. + _Min_Stack_Size)
 *fill*         0x20000328      0x400 
                0x20000728                        . = ALIGN (0x8)

/DISCARD/
 libc.a(*)
 libm.a(*)
 libgcc.a(*)

.ARM.attributes
                0x00000000       0x28
 *(.ARM.attributes)
 .ARM.attributes
                0x00000000       0x1e C:/ST/STM32CubeIDE_1.16.1/STM32CubeIDE/plugins/com.st.stm32cube.ide.mcu.externaltools.gnu-tools-for-stm32.12.3.rel1.win32_1.0.200.202406191623/tools/bin/../lib/gcc/arm-none-eabi/12.3.1/thumb/v6-m/nofp/crti.o
 .ARM.attributes
                0x0000001e       0x2c C:/ST/STM32CubeIDE_1.16.1/STM32CubeIDE/plugins/com.st.stm32cube.ide.mcu.externaltools.gnu-tools-for-stm32.12.3.rel1.win32_1.0.200.202406191623/tools/bin/../lib/gcc/arm-none-eabi/12.3.1/thumb/v6-m/nofp/crtbegin.o
 .ARM.attributes
                0x0000004a       0x2c ./Core/Src/main.o
 .ARM.attributes
                0x00000076       0x2c ./Core/Src/stm32c0xx_hal_msp.o
 .ARM.attributes
                0x000000a2       0x2c ./Core/Src/stm32c0xx_it.o
 .ARM.attributes
                0x000000ce       0x2c ./Core/Src/system_stm32c0xx.o
 .ARM.attributes
                0x000000fa       0x2c ./Core/Src/ta6932.o
 .ARM.attributes
                0x00000126       0x22 ./Core/Startup/startup_stm32c011f6px.o
 .ARM.attributes
                0x00000148       0x2c ./Drivers/STM32C0xx_HAL_Driver/Src/stm32c0xx_hal.o
 .ARM.attributes
                0x00000174       0x2c ./Drivers/STM32C0xx_HAL_Driver/Src/stm32c0xx_hal_cortex.o
 .ARM.attributes
                0x000001a0       0x2c ./Drivers/STM32C0xx_HAL_Driver/Src/stm32c0xx_hal_gpio.o
 .ARM.attributes
                0x000001cc       0x2c ./Drivers/STM32C0xx_HAL_Driver/Src/stm32c0xx_hal_rcc.o
 .ARM.attributes
                0x000001f8       0x2c ./Drivers/STM32C0xx_HAL_Driver/Src/stm32c0xx_hal_rcc_ex.o
 .ARM.attributes
                0x00000224       0x2c ./Drivers/STM32C0xx_HAL_Driver/Src/stm32c0xx_hal_spi.o
 .ARM.attributes
                0x00000250       0x2c C:/ST/STM32CubeIDE_1.16.1/STM32CubeIDE/plugins/com.st.stm32cube.ide.mcu.externaltools.gnu-tools-for-stm32.12.3.rel1.win32_1.0.200.202406191623/tools/bin/../lib/gcc/arm-none-eabi/12.3.1/../../../../arm-none-eabi/lib/thumb/v6-m/nofp\libc_nano.a(libc_a-memset.o)
 .ARM.attributes
                0x0000027c       0x2c C:/ST/STM32CubeIDE_1.16.1/STM32CubeIDE/plugins/com.st.stm32cube.ide.mcu.externaltools.gnu-tools-for-stm32.12.3.rel1.win32_1.0.200.202406191623/tools/bin/../lib/gcc/arm-none-eabi/12.3.1/../../../../arm-none-eabi/lib/thumb/v6-m/nofp\libc_nano.a(libc_a-init.o)
 .ARM.attributes
                0x000002a8       0x1e C:/ST/STM32CubeIDE_1.16.1/STM32CubeIDE/plugins/com.st.stm32cube.ide.mcu.externaltools.gnu-tools-for-stm32.12.3.rel1.win32_1.0.200.202406191623/tools/bin/../lib/gcc/arm-none-eabi/12.3.1/thumb/v6-m/nofp\libgcc.a(_udivsi3.o)
 .ARM.attributes
                0x000002c6       0x1e C:/ST/STM32CubeIDE_1.16.1/STM32CubeIDE/plugins/com.st.stm32cube.ide.mcu.externaltools.gnu-tools-for-stm32.12.3.rel1.win32_1.0.200.202406191623/tools/bin/../lib/gcc/arm-none-eabi/12.3.1/thumb/v6-m/nofp\libgcc.a(_dvmd_tls.o)
 .ARM.attributes
                0x000002e4       0x1e C:/ST/STM32CubeIDE_1.16.1/STM32CubeIDE/plugins/com.st.stm32cube.ide.mcu.externaltools.gnu-tools-for-stm32.12.3.rel1.win32_1.0.200.202406191623/tools/bin/../lib/gcc/arm-none-eabi/12.3.1/thumb/v6-m/nofp/crtn.o
OUTPUT(TA6932_Test.elf elf32-littlearm)
LOAD linker stubs
LOAD C:/ST/STM32CubeIDE_1.16.1/STM32CubeIDE/plugins/com.st.stm32cube.ide.mcu.externaltools.gnu-tools-for-stm32.12.3.rel1.win32_1.0.200.202406191623/tools/bin/../lib/gcc/arm-none-eabi/12.3.1/../../../../arm-none-eabi/lib/thumb/v6-m/nofp\libc.a
LOAD C:/ST/STM32CubeIDE_1.16.1/STM32CubeIDE/plugins/com.st.stm32cube.ide.mcu.externaltools.gnu-tools-for-stm32.12.3.rel1.win32_1.0.200.202406191623/tools/bin/../lib/gcc/arm-none-eabi/12.3.1/../../../../arm-none-eabi/lib/thumb/v6-m/nofp\libm.a
LOAD C:/ST/STM32CubeIDE_1.16.1/STM32CubeIDE/plugins/com.st.stm32cube.ide.mcu.externaltools.gnu-tools-for-stm32.12.3.rel1.win32_1.0.200.202406191623/tools/bin/../lib/gcc/arm-none-eabi/12.3.1/thumb/v6-m/nofp\libgcc.a

.debug_info     0x00000000     0x638f
 .debug_info    0x00000000      0xbed ./Core/Src/main.o
 .debug_info    0x00000bed      0xa5e ./Core/Src/stm32c0xx_hal_msp.o
 .debug_info    0x0000164b       0xd3 ./Core/Src/stm32c0xx_it.o
 .debug_info    0x0000171e      0x368 ./Core/Src/system_stm32c0xx.o
 .debug_info    0x00001a86      0xd8f ./Core/Src/ta6932.o
 .debug_info    0x00002815       0x30 ./Core/Startup/startup_stm32c011f6px.o
 .debug_info    0x00002845      0x856 ./Drivers/STM32C0xx_HAL_Driver/Src/stm32c0xx_hal.o
 .debug_info    0x0000309b      0x82a ./Drivers/STM32C0xx_HAL_Driver/Src/stm32c0xx_hal_cortex.o
 .debug_info    0x000038c5      0x5b7 ./Drivers/STM32C0xx_HAL_Driver/Src/stm32c0xx_hal_gpio.o
 .debug_info    0x00003e7c      0x8bf ./Drivers/STM32C0xx_HAL_Driver/Src/stm32c0xx_hal_rcc.o
 .debug_info    0x0000473b      0x551 ./Drivers/STM32C0xx_HAL_Driver/Src/stm32c0xx_hal_rcc_ex.o
 .debug_info    0x00004c8c     0x1703 ./Drivers/STM32C0xx_HAL_Driver/Src/stm32c0xx_hal_spi.o

.debug_abbrev   0x00000000     0x172d
 .debug_abbrev  0x00000000      0x294 ./Core/Src/main.o
 .debug_abbrev  0x00000294      0x1d6 ./Core/Src/stm32c0xx_hal_msp.o
 .debug_abbrev  0x0000046a       0x73 ./Core/Src/stm32c0xx_it.o
 .debug_abbrev  0x000004dd      0x117 ./Core/Src/system_stm32c0xx.o
 .debug_abbrev  0x000005f4      0x28b ./Core/Src/ta6932.o
 .debug_abbrev  0x0000087f       0x24 ./Core/Startup/startup_stm32c011f6px.o
 .debug_abbrev  0x000008a3      0x2cb ./Drivers/STM32C0xx_HAL_Driver/Src/stm32c0xx_hal.o
 .debug_abbrev  0x00000b6e      0x2b7 ./Drivers/STM32C0xx_HAL_Driver/Src/stm32c0xx_hal_cortex.o
 .debug_abbrev  0x00000e25      0x1d6 ./Drivers/STM32C0xx_HAL_Driver/Src/stm32c0xx_hal_gpio.o
 .debug_abbrev  0x00000ffb      0x2a8 ./Drivers/STM32C0xx_HAL_Driver/Src/stm32c0xx_hal_rcc.o
 .debug_abbrev  0x000012a3      0x225 ./Drivers/STM32C0xx_HAL_Driver/Src/stm32c0xx_hal_rcc_ex.o
 .debug_abbrev  0x000014c8      0x265 ./Drivers/STM32C0xx_HAL_Driver/Src/stm32c0xx_hal_spi.o

.debug_aranges  0x00000000      0x6e8
 .debug_aranges
                0x00000000       0x40 ./Core/Src/main.o
 .debug_aranges
                0x00000040       0x30 ./Core/Src/stm32c0xx_hal_msp.o
 .debug_aranges
                0x00000070       0x40 ./Core/Src/stm32c0xx_it.o
 .debug_aranges
                0x000000b0       0x28 ./Core/Src/system_stm32c0xx.o
 .debug_aranges
                0x000000d8       0xe0 ./Core/Src/ta6932.o
 .debug_aranges
                0x000001b8       0x28 ./Core/Startup/startup_stm32c011f6px.o
 .debug_aranges
                0x000001e0      0x110 ./Drivers/STM32C0xx_HAL_Driver/Src/stm32c0xx_hal.o
 .debug_aranges
                0x000002f0       0xd8 ./Drivers/STM32C0xx_HAL_Driver/Src/stm32c0xx_hal_cortex.o
 .debug_aranges
                0x000003c8       0x68 ./Drivers/STM32C0xx_HAL_Driver/Src/stm32c0xx_hal_gpio.o
 .debug_aranges
                0x00000430       0xa0 ./Drivers/STM32C0xx_HAL_Driver/Src/stm32c0xx_hal_rcc.o
 .debug_aranges
                0x000004d0       0x40 ./Drivers/STM32C0xx_HAL_Driver/Src/stm32c0xx_hal_rcc_ex.o
 .debug_aranges
                0x00000510      0x1d8 ./Drivers/STM32C0xx_HAL_Driver/Src/stm32c0xx_hal_spi.o

.debug_rnglists
                0x00000000      0x526
 .debug_rnglists
                0x00000000       0x2e ./Core/Src/main.o
 .debug_rnglists
                0x0000002e       0x20 ./Core/Src/stm32c0xx_hal_msp.o
 .debug_rnglists
                0x0000004e       0x2b ./Core/Src/stm32c0xx_it.o
 .debug_rnglists
                0x00000079       0x1a ./Core/Src/system_stm32c0xx.o
 .debug_rnglists
                0x00000093       0xa9 ./Core/Src/ta6932.o
 .debug_rnglists
                0x0000013c       0x19 ./Core/Startup/startup_stm32c011f6px.o
 .debug_rnglists
                0x00000155       0xc8 ./Drivers/STM32C0xx_HAL_Driver/Src/stm32c0xx_hal.o
 .debug_rnglists
                0x0000021d       0x9f ./Drivers/STM32C0xx_HAL_Driver/Src/stm32c0xx_hal_cortex.o
 .debug_rnglists
                0x000002bc       0x4b ./Drivers/STM32C0xx_HAL_Driver/Src/stm32c0xx_hal_gpio.o
 .debug_rnglists
                0x00000307       0x78 ./Drivers/STM32C0xx_HAL_Driver/Src/stm32c0xx_hal_rcc.o
 .debug_rnglists
                0x0000037f       0x2d ./Drivers/STM32C0xx_HAL_Driver/Src/stm32c0xx_hal_rcc_ex.o
 .debug_rnglists
                0x000003ac      0x17a ./Drivers/STM32C0xx_HAL_Driver/Src/stm32c0xx_hal_spi.o

.debug_macro    0x00000000    0x11b8b
 .debug_macro   0x00000000      0x1d0 ./Core/Src/main.o
 .debug_macro   0x000001d0      0xa8a ./Core/Src/main.o
 .debug_macro   0x00000c5a       0x2e ./Core/Src/main.o
 .debug_macro   0x00000c88       0x28 ./Core/Src/main.o
 .debug_macro   0x00000cb0       0x22 ./Core/Src/main.o
 .debug_macro   0x00000cd2       0x8e ./Core/Src/main.o
 .debug_macro   0x00000d60       0x51 ./Core/Src/main.o
 .debug_macro   0x00000db1      0x103 ./Core/Src/main.o
 .debug_macro   0x00000eb4       0x6a ./Core/Src/main.o
 .debug_macro   0x00000f1e      0x1df ./Core/Src/main.o
 .debug_macro   0x000010fd       0x1c ./Core/Src/main.o
 .debug_macro   0x00001119       0x22 ./Core/Src/main.o
 .debug_macro   0x0000113b       0xd1 ./Core/Src/main.o
 .debug_macro   0x0000120c      0x4da ./Core/Src/main.o
 .debug_macro   0x000016e6      0x11f ./Core/Src/main.o
 .debug_macro   0x00001805     0x91b4 ./Core/Src/main.o
 .debug_macro   0x0000a9b9       0x6c ./Core/Src/main.o
 .debug_macro   0x0000aa25      0x16c ./Core/Src/main.o
 .debug_macro   0x0000ab91       0xe3 ./Core/Src/main.o
 .debug_macro   0x0000ac74     0x340f ./Core/Src/main.o
 .debug_macro   0x0000e083      0x189 ./Core/Src/main.o
 .debug_macro   0x0000e20c       0x5b ./Core/Src/main.o
 .debug_macro   0x0000e267      0x366 ./Core/Src/main.o
 .debug_macro   0x0000e5cd      0xaee ./Core/Src/main.o
 .debug_macro   0x0000f0bb      0x136 ./Core/Src/main.o
 .debug_macro   0x0000f1f1      0x15f ./Core/Src/main.o
 .debug_macro   0x0000f350      0x166 ./Core/Src/main.o
 .debug_macro   0x0000f4b6      0x264 ./Core/Src/main.o
 .debug_macro   0x0000f71a      0x17e ./Core/Src/main.o
 .debug_macro   0x0000f898       0x43 ./Core/Src/main.o
 .debug_macro   0x0000f8db      0x1f1 ./Core/Src/main.o
 .debug_macro   0x0000facc      0x1aa ./Core/Src/main.o
 .debug_macro   0x0000fc76      0x352 ./Core/Src/main.o
 .debug_macro   0x0000ffc8       0x28 ./Core/Src/main.o
 .debug_macro   0x0000fff0       0xba ./Core/Src/main.o
 .debug_macro   0x000100aa       0xff ./Core/Src/main.o
 .debug_macro   0x000101a9       0xc6 ./Core/Src/main.o
 .debug_macro   0x0001026f      0x2fe ./Core/Src/main.o
 .debug_macro   0x0001056d      0x3ba ./Core/Src/main.o
 .debug_macro   0x00010927       0x1c ./Core/Src/main.o
 .debug_macro   0x00010943      0x1c7 ./Core/Src/stm32c0xx_hal_msp.o
 .debug_macro   0x00010b0a      0x1d1 ./Core/Src/stm32c0xx_it.o
 .debug_macro   0x00010cdb      0x1c3 ./Core/Src/system_stm32c0xx.o
 .debug_macro   0x00010e9e      0x1cc ./Core/Src/ta6932.o
 .debug_macro   0x0001106a       0x16 ./Core/Src/ta6932.o
 .debug_macro   0x00011080      0x1db ./Drivers/STM32C0xx_HAL_Driver/Src/stm32c0xx_hal.o
 .debug_macro   0x0001125b      0x1bd ./Drivers/STM32C0xx_HAL_Driver/Src/stm32c0xx_hal_cortex.o
 .debug_macro   0x00011418      0x1f2 ./Drivers/STM32C0xx_HAL_Driver/Src/stm32c0xx_hal_gpio.o
 .debug_macro   0x0001160a      0x1ed ./Drivers/STM32C0xx_HAL_Driver/Src/stm32c0xx_hal_rcc.o
 .debug_macro   0x000117f7      0x1cf ./Drivers/STM32C0xx_HAL_Driver/Src/stm32c0xx_hal_rcc_ex.o
 .debug_macro   0x000119c6      0x1c5 ./Drivers/STM32C0xx_HAL_Driver/Src/stm32c0xx_hal_spi.o

.debug_line     0x00000000     0x840e
 .debug_line    0x00000000      0x875 ./Core/Src/main.o
 .debug_line    0x00000875      0x7aa ./Core/Src/stm32c0xx_hal_msp.o
 .debug_line    0x0000101f      0x7ad ./Core/Src/stm32c0xx_it.o
 .debug_line    0x000017cc      0x78e ./Core/Src/system_stm32c0xx.o
 .debug_line    0x00001f5a      0xbe0 ./Core/Src/ta6932.o
 .debug_line    0x00002b3a       0x7d ./Core/Startup/startup_stm32c011f6px.o
 .debug_line    0x00002bb7      0xaa7 ./Drivers/STM32C0xx_HAL_Driver/Src/stm32c0xx_hal.o
 .debug_line    0x0000365e      0xb70 ./Drivers/STM32C0xx_HAL_Driver/Src/stm32c0xx_hal_cortex.o
 .debug_line    0x000041ce      0xbaf ./Drivers/STM32C0xx_HAL_Driver/Src/stm32c0xx_hal_gpio.o
 .debug_line    0x00004d7d      0xced ./Drivers/STM32C0xx_HAL_Driver/Src/stm32c0xx_hal_rcc.o
 .debug_line    0x00005a6a      0x9ec ./Drivers/STM32C0xx_HAL_Driver/Src/stm32c0xx_hal_rcc_ex.o
 .debug_line    0x00006456     0x1fb8 ./Drivers/STM32C0xx_HAL_Driver/Src/stm32c0xx_hal_spi.o

.debug_str      0x00000000    0x6cf83
 .debug_str     0x00000000    0x6b57d ./Core/Src/main.o
                              0x6bb68 (size before relaxing)
 .debug_str     0x0006b57d      0x12b ./Core/Src/stm32c0xx_hal_msp.o
                              0x6ba1a (size before relaxing)
 .debug_str     0x0006b6a8       0x82 ./Core/Src/stm32c0xx_it.o
                              0x6b313 (size before relaxing)
 .debug_str     0x0006b72a       0xb7 ./Core/Src/system_stm32c0xx.o
                              0x6b402 (size before relaxing)
 .debug_str     0x0006b7e1      0x191 ./Core/Src/ta6932.o
                              0x6ba68 (size before relaxing)
 .debug_str     0x0006b972       0x44 ./Core/Startup/startup_stm32c011f6px.o
                                 0x69 (size before relaxing)
 .debug_str     0x0006b9b6      0x5e9 ./Drivers/STM32C0xx_HAL_Driver/Src/stm32c0xx_hal.o
                              0x6ba4e (size before relaxing)
 .debug_str     0x0006bf9f      0x27c ./Drivers/STM32C0xx_HAL_Driver/Src/stm32c0xx_hal_cortex.o
                              0x6b7ea (size before relaxing)
 .debug_str     0x0006c21b      0x232 ./Drivers/STM32C0xx_HAL_Driver/Src/stm32c0xx_hal_gpio.o
                              0x6b601 (size before relaxing)
 .debug_str     0x0006c44d      0x469 ./Drivers/STM32C0xx_HAL_Driver/Src/stm32c0xx_hal_rcc.o
                              0x6b9f4 (size before relaxing)
 .debug_str     0x0006c8b6      0x128 ./Drivers/STM32C0xx_HAL_Driver/Src/stm32c0xx_hal_rcc_ex.o
                              0x6b672 (size before relaxing)
 .debug_str     0x0006c9de      0x5a5 ./Drivers/STM32C0xx_HAL_Driver/Src/stm32c0xx_hal_spi.o
                              0x6bdf2 (size before relaxing)

.comment        0x00000000       0x43
 .comment       0x00000000       0x43 ./Core/Src/main.o
                                 0x44 (size before relaxing)
 .comment       0x00000043       0x44 ./Core/Src/stm32c0xx_hal_msp.o
 .comment       0x00000043       0x44 ./Core/Src/stm32c0xx_it.o
 .comment       0x00000043       0x44 ./Core/Src/system_stm32c0xx.o
 .comment       0x00000043       0x44 ./Core/Src/ta6932.o
 .comment       0x00000043       0x44 ./Drivers/STM32C0xx_HAL_Driver/Src/stm32c0xx_hal.o
 .comment       0x00000043       0x44 ./Drivers/STM32C0xx_HAL_Driver/Src/stm32c0xx_hal_cortex.o
 .comment       0x00000043       0x44 ./Drivers/STM32C0xx_HAL_Driver/Src/stm32c0xx_hal_gpio.o
 .comment       0x00000043       0x44 ./Drivers/STM32C0xx_HAL_Driver/Src/stm32c0xx_hal_rcc.o
 .comment       0x00000043       0x44 ./Drivers/STM32C0xx_HAL_Driver/Src/stm32c0xx_hal_rcc_ex.o
 .comment       0x00000043       0x44 ./Drivers/STM32C0xx_HAL_Driver/Src/stm32c0xx_hal_spi.o

.debug_frame    0x00000000     0x174c
 .debug_frame   0x00000000       0xa8 ./Core/Src/main.o
 .debug_frame   0x000000a8       0x70 ./Core/Src/stm32c0xx_hal_msp.o
 .debug_frame   0x00000118       0x9c ./Core/Src/stm32c0xx_it.o
 .debug_frame   0x000001b4       0x4c ./Core/Src/system_stm32c0xx.o
 .debug_frame   0x00000200      0x324 ./Core/Src/ta6932.o
 .debug_frame   0x00000524      0x3a0 ./Drivers/STM32C0xx_HAL_Driver/Src/stm32c0xx_hal.o
 .debug_frame   0x000008c4      0x2fc ./Drivers/STM32C0xx_HAL_Driver/Src/stm32c0xx_hal_cortex.o
 .debug_frame   0x00000bc0      0x150 ./Drivers/STM32C0xx_HAL_Driver/Src/stm32c0xx_hal_gpio.o
 .debug_frame   0x00000d10      0x214 ./Drivers/STM32C0xx_HAL_Driver/Src/stm32c0xx_hal_rcc.o
 .debug_frame   0x00000f24       0xac ./Drivers/STM32C0xx_HAL_Driver/Src/stm32c0xx_hal_rcc_ex.o
 .debug_frame   0x00000fd0      0x710 ./Drivers/STM32C0xx_HAL_Driver/Src/stm32c0xx_hal_spi.o
 .debug_frame   0x000016e0       0x20 C:/ST/STM32CubeIDE_1.16.1/STM32CubeIDE/plugins/com.st.stm32cube.ide.mcu.externaltools.gnu-tools-for-stm32.12.3.rel1.win32_1.0.200.202406191623/tools/bin/../lib/gcc/arm-none-eabi/12.3.1/../../../../arm-none-eabi/lib/thumb/v6-m/nofp\libc_nano.a(libc_a-memset.o)
 .debug_frame   0x00001700       0x2c C:/ST/STM32CubeIDE_1.16.1/STM32CubeIDE/plugins/com.st.stm32cube.ide.mcu.externaltools.gnu-tools-for-stm32.12.3.rel1.win32_1.0.200.202406191623/tools/bin/../lib/gcc/arm-none-eabi/12.3.1/../../../../arm-none-eabi/lib/thumb/v6-m/nofp\libc_nano.a(libc_a-init.o)
 .debug_frame   0x0000172c       0x20 C:/ST/STM32CubeIDE_1.16.1/STM32CubeIDE/plugins/com.st.stm32cube.ide.mcu.externaltools.gnu-tools-for-stm32.12.3.rel1.win32_1.0.200.202406191623/tools/bin/../lib/gcc/arm-none-eabi/12.3.1/thumb/v6-m/nofp\libgcc.a(_udivsi3.o)

.debug_line_str
                0x00000000       0x4d
 .debug_line_str
                0x00000000       0x4d ./Core/Startup/startup_stm32c011f6px.o
