Archive member included to satisfy reference by file (symbol)

C:/ST/STM32CubeIDE_1.14.0/STM32CubeIDE/plugins/com.st.stm32cube.ide.mcu.externaltools.gnu-tools-for-stm32.11.3.rel1.win32_1.1.100.202309141235/tools/bin/../lib/gcc/arm-none-eabi/11.3.1/../../../../arm-none-eabi/lib/thumb/v6-m/nofp\libc_nano.a(libc_a-exit.o)
                              C:/ST/STM32CubeIDE_1.14.0/STM32CubeIDE/plugins/com.st.stm32cube.ide.mcu.externaltools.gnu-tools-for-stm32.11.3.rel1.win32_1.1.100.202309141235/tools/bin/../lib/gcc/arm-none-eabi/11.3.1/../../../../arm-none-eabi/lib/thumb/v6-m/nofp/crt0.o (exit)
C:/ST/STM32CubeIDE_1.14.0/STM32CubeIDE/plugins/com.st.stm32cube.ide.mcu.externaltools.gnu-tools-for-stm32.11.3.rel1.win32_1.1.100.202309141235/tools/bin/../lib/gcc/arm-none-eabi/11.3.1/../../../../arm-none-eabi/lib/thumb/v6-m/nofp\libc_nano.a(libc_a-findfp.o)
                              C:/ST/STM32CubeIDE_1.14.0/STM32CubeIDE/plugins/com.st.stm32cube.ide.mcu.externaltools.gnu-tools-for-stm32.11.3.rel1.win32_1.1.100.202309141235/tools/bin/../lib/gcc/arm-none-eabi/11.3.1/../../../../arm-none-eabi/lib/thumb/v6-m/nofp\libc_nano.a(libc_a-exit.o) (__stdio_exit_handler)
C:/ST/STM32CubeIDE_1.14.0/STM32CubeIDE/plugins/com.st.stm32cube.ide.mcu.externaltools.gnu-tools-for-stm32.11.3.rel1.win32_1.1.100.202309141235/tools/bin/../lib/gcc/arm-none-eabi/11.3.1/../../../../arm-none-eabi/lib/thumb/v6-m/nofp\libc_nano.a(libc_a-fwalk.o)
                              C:/ST/STM32CubeIDE_1.14.0/STM32CubeIDE/plugins/com.st.stm32cube.ide.mcu.externaltools.gnu-tools-for-stm32.11.3.rel1.win32_1.1.100.202309141235/tools/bin/../lib/gcc/arm-none-eabi/11.3.1/../../../../arm-none-eabi/lib/thumb/v6-m/nofp\libc_nano.a(libc_a-findfp.o) (_fwalk_sglue)
C:/ST/STM32CubeIDE_1.14.0/STM32CubeIDE/plugins/com.st.stm32cube.ide.mcu.externaltools.gnu-tools-for-stm32.11.3.rel1.win32_1.1.100.202309141235/tools/bin/../lib/gcc/arm-none-eabi/11.3.1/../../../../arm-none-eabi/lib/thumb/v6-m/nofp\libc_nano.a(libc_a-stdio.o)
                              C:/ST/STM32CubeIDE_1.14.0/STM32CubeIDE/plugins/com.st.stm32cube.ide.mcu.externaltools.gnu-tools-for-stm32.11.3.rel1.win32_1.1.100.202309141235/tools/bin/../lib/gcc/arm-none-eabi/11.3.1/../../../../arm-none-eabi/lib/thumb/v6-m/nofp\libc_nano.a(libc_a-findfp.o) (__sread)
C:/ST/STM32CubeIDE_1.14.0/STM32CubeIDE/plugins/com.st.stm32cube.ide.mcu.externaltools.gnu-tools-for-stm32.11.3.rel1.win32_1.1.100.202309141235/tools/bin/../lib/gcc/arm-none-eabi/11.3.1/../../../../arm-none-eabi/lib/thumb/v6-m/nofp\libc_nano.a(libc_a-memset.o)
                              C:/ST/STM32CubeIDE_1.14.0/STM32CubeIDE/plugins/com.st.stm32cube.ide.mcu.externaltools.gnu-tools-for-stm32.11.3.rel1.win32_1.1.100.202309141235/tools/bin/../lib/gcc/arm-none-eabi/11.3.1/../../../../arm-none-eabi/lib/thumb/v6-m/nofp/crt0.o (memset)
C:/ST/STM32CubeIDE_1.14.0/STM32CubeIDE/plugins/com.st.stm32cube.ide.mcu.externaltools.gnu-tools-for-stm32.11.3.rel1.win32_1.1.100.202309141235/tools/bin/../lib/gcc/arm-none-eabi/11.3.1/../../../../arm-none-eabi/lib/thumb/v6-m/nofp\libc_nano.a(libc_a-closer.o)
                              C:/ST/STM32CubeIDE_1.14.0/STM32CubeIDE/plugins/com.st.stm32cube.ide.mcu.externaltools.gnu-tools-for-stm32.11.3.rel1.win32_1.1.100.202309141235/tools/bin/../lib/gcc/arm-none-eabi/11.3.1/../../../../arm-none-eabi/lib/thumb/v6-m/nofp\libc_nano.a(libc_a-stdio.o) (_close_r)
C:/ST/STM32CubeIDE_1.14.0/STM32CubeIDE/plugins/com.st.stm32cube.ide.mcu.externaltools.gnu-tools-for-stm32.11.3.rel1.win32_1.1.100.202309141235/tools/bin/../lib/gcc/arm-none-eabi/11.3.1/../../../../arm-none-eabi/lib/thumb/v6-m/nofp\libc_nano.a(libc_a-reent.o)
                              C:/ST/STM32CubeIDE_1.14.0/STM32CubeIDE/plugins/com.st.stm32cube.ide.mcu.externaltools.gnu-tools-for-stm32.11.3.rel1.win32_1.1.100.202309141235/tools/bin/../lib/gcc/arm-none-eabi/11.3.1/../../../../arm-none-eabi/lib/thumb/v6-m/nofp\libc_nano.a(libc_a-closer.o) (errno)
C:/ST/STM32CubeIDE_1.14.0/STM32CubeIDE/plugins/com.st.stm32cube.ide.mcu.externaltools.gnu-tools-for-stm32.11.3.rel1.win32_1.1.100.202309141235/tools/bin/../lib/gcc/arm-none-eabi/11.3.1/../../../../arm-none-eabi/lib/thumb/v6-m/nofp\libc_nano.a(libc_a-impure.o)
                              C:/ST/STM32CubeIDE_1.14.0/STM32CubeIDE/plugins/com.st.stm32cube.ide.mcu.externaltools.gnu-tools-for-stm32.11.3.rel1.win32_1.1.100.202309141235/tools/bin/../lib/gcc/arm-none-eabi/11.3.1/../../../../arm-none-eabi/lib/thumb/v6-m/nofp\libc_nano.a(libc_a-reent.o) (_impure_ptr)
C:/ST/STM32CubeIDE_1.14.0/STM32CubeIDE/plugins/com.st.stm32cube.ide.mcu.externaltools.gnu-tools-for-stm32.11.3.rel1.win32_1.1.100.202309141235/tools/bin/../lib/gcc/arm-none-eabi/11.3.1/../../../../arm-none-eabi/lib/thumb/v6-m/nofp\libc_nano.a(libc_a-lseekr.o)
[...]
Memory Configuration

Name             Origin             Length             Attributes
RAM              0x0000000020000000 0x0000000000001800 xrw
FLASH            0x0000000008000000 0x0000000000008000 xr
*default*        0x0000000000000000 0xffffffffffffffff

Linker script and memory map

LOAD C:/ST/STM32CubeIDE_1.14.0/STM32CubeIDE/plugins/com.st.stm32cube.ide.mcu.externaltools.gnu-tools-for-stm32.11.3.rel1.win32_1.1.100.202309141235/tools/bin/../lib/gcc/arm-none-eabi/11.3.1/thumb/v6-m/nofp/crti.o
LOAD C:/ST/STM32CubeIDE_1.14.0/STM32CubeIDE/plugins/com.st.stm32cube.ide.mcu.externaltools.gnu-tools-for-stm32.11.3.rel1.win32_1.1.100.202309141235/tools/bin/../lib/gcc/arm-none-eabi/11.3.1/thumb/v6-m/nofp/crtbegin.o
LOAD C:/ST/STM32CubeIDE_1.14.0/STM32CubeIDE/plugins/com.st.stm32cube.ide.mcu.externaltools.gnu-tools-for-stm32.11.3.rel1.win32_1.1.100.202309141235/tools/bin/../lib/gcc/arm-none-eabi/11.3.1/../../../../arm-none-eabi/lib/thumb/v6-m/nofp/crt0.o
LOAD ./Core/Src/ds3231_v3.o
LOAD ./Core/Src/main.o
LOAD ./Core/Src/stm32c0xx_hal_msp.o
LOAD ./Core/Src/stm32c0xx_it.o
LOAD ./Core/Src/syscalls.o
LOAD ./Core/Src/sysmem.o
LOAD ./Core/Src/system_stm32c0xx.o
LOAD ./Core/Src/ta6932.o
LOAD ./Core/Startup/startup_stm32c011f6px.o
LOAD ./Drivers/STM32C0xx_HAL_Driver/Src/stm32c0xx_hal.o
LOAD ./Drivers/STM32C0xx_HAL_Driver/Src/stm32c0xx_hal_cortex.o
LOAD ./Drivers/STM32C0xx_HAL_Driver/Src/stm32c0xx_hal_dma.o
LOAD ./Drivers/STM32C0xx_HAL_Driver/Src/stm32c0xx_hal_dma_ex.o
LOAD ./Drivers/STM32C0xx_HAL_Driver/Src/stm32c0xx_hal_exti.o
LOAD ./Drivers/STM32C0xx_HAL_Driver/Src/stm32c0xx_hal_flash.o
LOAD ./Drivers/STM32C0xx_HAL_Driver/Src/stm32c0xx_hal_flash_ex.o
LOAD ./Drivers/STM32C0xx_HAL_Driver/Src/stm32c0xx_hal_gpio.o
LOAD ./Drivers/STM32C0xx_HAL_Driver/Src/stm32c0xx_hal_i2c.o
LOAD ./Drivers/STM32C0xx_HAL_Driver/Src/stm32c0xx_hal_i2c_ex.o
LOAD ./Drivers/STM32C0xx_HAL_Driver/Src/stm32c0xx_hal_pwr.o
LOAD ./Drivers/STM32C0xx_HAL_Driver/Src/stm32c0xx_hal_pwr_ex.o
LOAD ./Drivers/STM32C0xx_HAL_Driver/Src/stm32c0xx_hal_rcc.o
LOAD ./Drivers/STM32C0xx_HAL_Driver/Src/stm32c0xx_hal_rcc_ex.o
LOAD ./Drivers/STM32C0xx_HAL_Driver/Src/stm32c0xx_hal_spi.o
LOAD ./Drivers/STM32C0xx_HAL_Driver/Src/stm32c0xx_hal_spi_ex.o
START GROUP
LOAD C:/ST/STM32CubeIDE_1.14.0/STM32CubeIDE/plugins/com.st.stm32cube.ide.mcu.externaltools.gnu-tools-for-stm32.11.3.rel1.win32_1.1.100.202309141235/tools/bin/../lib/gcc/arm-none-eabi/11.3.1/../../../../arm-none-eabi/lib/thumb/v6-m/nofp\libc_nano.a
LOAD C:/ST/STM32CubeIDE_1.14.0/STM32CubeIDE/plugins/com.st.stm32cube.ide.mcu.externaltools.gnu-tools-for-stm32.11.3.rel1.win32_1.1.100.202309141235/tools/bin/../lib/gcc/arm-none-eabi/11.3.1/../../../../arm-none-eabi/lib/thumb/v6-m/nofp\libm.a
END GROUP
START GROUP
LOAD C:/ST/STM32CubeIDE_1.14.0/STM32CubeIDE/plugins/com.st.stm32cube.ide.mcu.externaltools.gnu-tools-for-stm32.11.3.rel1.win32_1.1.100.202309141235/tools/bin/../lib/gcc/arm-none-eabi/11.3.1/thumb/v6-m/nofp\libgcc.a
LOAD C:/ST/STM32CubeIDE_1.14.0/STM32CubeIDE/plugins/com.st.stm32cube.ide.mcu.externaltools.gnu-tools-for-stm32.11.3.rel1.win32_1.1.100.202309141235/tools/bin/../lib/gcc/arm-none-eabi/11.3.1/../../../../arm-none-eabi/lib/thumb/v6-m/nofp\libc_nano.a
END GROUP
START GROUP
LOAD C:/ST/STM32CubeIDE_1.14.0/STM32CubeIDE/plugins/com.st.stm32cube.ide.mcu.externaltools.gnu-tools-for-stm32.11.3.rel1.win32_1.1.100.202309141235/tools/bin/../lib/gcc/arm-none-eabi/11.3.1/thumb/v6-m/nofp\libgcc.a
LOAD C:/ST/STM32CubeIDE_1.14.0/STM32CubeIDE/plugins/com.st.stm32cube.ide.mcu.externaltools.gnu-tools-for-stm32.11.3.rel1.win32_1.1.100.202309141235/tools/bin/../lib/gcc/arm-none-eabi/11.3.1/../../../../arm-none-eabi/lib/thumb/v6-m/nofp\libc_nano.a
LOAD C:/ST/STM32CubeIDE_1.14.0/STM32CubeIDE/plugins/com.st.stm32cube.ide.mcu.externaltools.gnu-tools-for-stm32.11.3.rel1.win32_1.1.100.202309141235/tools/bin/../lib/gcc/arm-none-eabi/11.3.1/../../../../arm-none-eabi/lib/thumb/v6-m/nofp\libnosys.a
END GROUP
START GROUP
LOAD C:/ST/STM32CubeIDE_1.14.0/STM32CubeIDE/plugins/com.st.stm32cube.ide.mcu.externaltools.gnu-tools-for-stm32.11.3.rel1.win32_1.1.100.202309141235/tools/bin/../lib/gcc/arm-none-eabi/11.3.1/thumb/v6-m/nofp\libgcc.a
LOAD C:/ST/STM32CubeIDE_1.14.0/STM32CubeIDE/plugins/com.st.stm32cube.ide.mcu.externaltools.gnu-tools-for-stm32.11.3.rel1.win32_1.1.100.202309141235/tools/bin/../lib/gcc/arm-none-eabi/11.3.1/../../../../arm-none-eabi/lib/thumb/v6-m/nofp\libc_nano.a
LOAD C:/ST/STM32CubeIDE_1.14.0/STM32CubeIDE/plugins/com.st.stm32cube.ide.mcu.externaltools.gnu-tools-for-stm32.11.3.rel1.win32_1.1.100.202309141235/tools/bin/../lib/gcc/arm-none-eabi/11.3.1/../../../../arm-none-eabi/lib/thumb/v6-m/nofp\libnosys.a
END GROUP
LOAD C:/ST/STM32CubeIDE_1.14.0/STM32CubeIDE/plugins/com.st.stm32cube.ide.mcu.externaltools.gnu-tools-for-stm32.11.3.rel1.win32_1.1.100.202309141235/tools/bin/../lib/gcc/arm-none-eabi/11.3.1/thumb/v6-m/nofp/crtend.o
LOAD C:/ST/STM32CubeIDE_1.14.0/STM32CubeIDE/plugins/com.st.stm32cube.ide.mcu.externaltools.gnu-tools-for-stm32.11.3.rel1.win32_1.1.100.202309141235/tools/bin/../lib/gcc/arm-none-eabi/11.3.1/thumb/v6-m/nofp/crtn.o
                0x0000000020001800                _estack = (ORIGIN (RAM) + LENGTH (RAM))
                0x0000000000000200                _Min_Heap_Size = 0x200
                0x0000000000000400                _Min_Stack_Size = 0x400

.isr_vector     0x0000000008000000       0xc0
                0x0000000008000000                . = ALIGN (0x4)
 *(.isr_vector)
 .isr_vector    0x0000000008000000       0xc0 ./Core/Startup/startup_stm32c011f6px.o
                0x0000000008000000                g_pfnVectors
                0x00000000080000c0                . = ALIGN (0x4)

.text           0x00000000080000c0     0x3570
                0x00000000080000c0                . = ALIGN (0x4)
 *(.text)
 .text          0x00000000080000c0       0x48 C:/ST/STM32CubeIDE_1.14.0/STM32CubeIDE/plugins/com.st.stm32cube.ide.mcu.externaltools.gnu-tools-for-stm32.11.3.rel1.win32_1.1.100.202309141235/tools/bin/../lib/gcc/arm-none-eabi/11.3.1/thumb/v6-m/nofp/crtbegin.o
 .text          0x0000000008000108      0x114 C:/ST/STM32CubeIDE_1.14.0/STM32CubeIDE/plugins/com.st.stm32cube.ide.mcu.externaltools.gnu-tools-for-stm32.11.3.rel1.win32_1.1.100.202309141235/tools/bin/../lib/gcc/arm-none-eabi/11.3.1/thumb/v6-m/nofp\libgcc.a(_udivsi3.o)
                0x0000000008000108                __aeabi_uidiv
                0x0000000008000108                __udivsi3
                0x0000000008000214                __aeabi_uidivmod
 .text          0x000000000800021c      0x1d4 C:/ST/STM32CubeIDE_1.14.0/STM32CubeIDE/plugins/com.st.stm32cube.ide.mcu.externaltools.gnu-tools-for-stm32.11.3.rel1.win32_1.1.100.202309141235/tools/bin/../lib/gcc/arm-none-eabi/11.3.1/thumb/v6-m/nofp\libgcc.a(_divsi3.o)
                0x000000000800021c                __divsi3
                0x000000000800021c                __aeabi_idiv
                0x00000000080003e8                __aeabi_idivmod
 .text          0x00000000080003f0        0x4 C:/ST/STM32CubeIDE_1.14.0/STM32CubeIDE/plugins/com.st.stm32cube.ide.mcu.externaltools.gnu-tools-for-stm32.11.3.rel1.win32_1.1.100.202309141235/tools/bin/../lib/gcc/arm-none-eabi/11.3.1/thumb/v6-m/nofp\libgcc.a(_dvmd_tls.o)
                0x00000000080003f0                __aeabi_idiv0
                0x00000000080003f0                __aeabi_ldiv0
 *(.text*)
 .text.DS3231_BCD2BIN
                0x00000000080003f4       0x34 ./Core/Src/ds3231_v3.o
                0x00000000080003f4                DS3231_BCD2BIN
 .text.DS3231_BIN2BCD
                0x0000000008000428       0x40 ./Core/Src/ds3231_v3.o
                0x0000000008000428                DS3231_BIN2BCD
 .text.DS3231_Init
                0x0000000008000468       0x1c ./Core/Src/ds3231_v3.o
                0x0000000008000468                DS3231_Init
 .text.ds_write
                0x0000000008000484       0x54 ./Core/Src/ds3231_v3.o
 .text.ds_read  0x00000000080004d8       0x54 ./Core/Src/ds3231_v3.o
 .text.DS3231_SetTime
                0x000000000800052c       0xb6 ./Core/Src/ds3231_v3.o
                0x000000000800052c                DS3231_SetTime
 .text.DS3231_GetTime
                0x00000000080005e2       0xe4 ./Core/Src/ds3231_v3.o
                0x00000000080005e2                DS3231_GetTime
 .text.DS3231_Enable1HzSQW
                0x00000000080006c6       0x66 ./Core/Src/ds3231_v3.o
                0x00000000080006c6                DS3231_Enable1HzSQW
 .text.DS3231_ReadControl
                0x000000000800072c       0x1e ./Core/Src/ds3231_v3.o
                0x000000000800072c                DS3231_ReadControl
 .text.DS3231_WriteControl
                0x000000000800074a       0x22 ./Core/Src/ds3231_v3.o
                0x000000000800074a                DS3231_WriteControl
 .text.DS3231_ReadStatus
                0x000000000800076c       0x1e ./Core/Src/ds3231_v3.o
                0x000000000800076c                DS3231_ReadStatus
 .text.DS3231_WriteStatus
                0x000000000800078a       0x22 ./Core/Src/ds3231_v3.o
                0x000000000800078a                DS3231_WriteStatus
 .text.DS3231_EnsureInitialized
                0x00000000080007ac      0x11e ./Core/Src/ds3231_v3.o
                0x00000000080007ac                DS3231_EnsureInitialized
 *fill*         0x00000000080008ca        0x2 
 .text.main     0x00000000080008cc      0x234 ./Core/Src/main.o
                0x00000000080008cc                main
 .text.SystemClock_Config
                0x0000000008000b00       0x86 ./Core/Src/main.o
                0x0000000008000b00                SystemClock_Config
 *fill*         0x0000000008000b86        0x2 
 .text.MX_I2C1_Init
                0x0000000008000b88       0x80 ./Core/Src/main.o
 .text.MX_SPI1_Init
                0x0000000008000c08       0x7c ./Core/Src/main.o
 .text.MX_GPIO_Init
                0x0000000008000c84       0xa0 ./Core/Src/main.o
 .text.Error_Handler
                0x0000000008000d24        0xa ./Core/Src/main.o
                0x0000000008000d24                Error_Handler
 *fill*         0x0000000008000d2e        0x2 
 .text.HAL_MspInit
                0x0000000008000d30       0x48 ./Core/Src/stm32c0xx_hal_msp.o
                0x0000000008000d30                HAL_MspInit
 .text.HAL_I2C_MspInit
                0x0000000008000d78       0xc4 ./Core/Src/stm32c0xx_hal_msp.o
                0x0000000008000d78                HAL_I2C_MspInit
 .text.HAL_SPI_MspInit
                0x0000000008000e3c       0xc4 ./Core/Src/stm32c0xx_hal_msp.o
                0x0000000008000e3c                HAL_SPI_MspInit
 .text.NMI_Handler
                0x0000000008000f00        0x6 ./Core/Src/stm32c0xx_it.o
                0x0000000008000f00                NMI_Handler
 .text.HardFault_Handler
                0x0000000008000f06        0x6 ./Core/Src/stm32c0xx_it.o
                0x0000000008000f06                HardFault_Handler
 .text.SVC_Handler
                0x0000000008000f0c        0xa ./Core/Src/stm32c0xx_it.o
                0x0000000008000f0c                SVC_Handler
 .text.PendSV_Handler
                0x0000000008000f16        0xa ./Core/Src/stm32c0xx_it.o
                0x0000000008000f16                PendSV_Handler
 .text.SysTick_Handler
                0x0000000008000f20        0xe ./Core/Src/stm32c0xx_it.o
                0x0000000008000f20                SysTick_Handler
 *fill*         0x0000000008000f2e        0x2 
 .text.SystemInit
                0x0000000008000f30       0x18 ./Core/Src/system_stm32c0xx.o
                0x0000000008000f30                SystemInit
 .text.TA_STB   0x0000000008000f48       0x26 ./Core/Src/ta6932.o
 *fill*         0x0000000008000f6e        0x2 
 .text.TA_sendByte
                0x0000000008000f70       0x28 ./Core/Src/ta6932.o
 .text.TA_cmd   0x0000000008000f98       0x2a ./Core/Src/ta6932.o
 .text.TA_writeSeq
                0x0000000008000fc2       0x90 ./Core/Src/ta6932.o
 *fill*         0x0000000008001052        0x2 
 .text.font_init
                0x0000000008001054      0x164 ./Core/Src/ta6932.o
 .text.TA6932_DisplayOn
                0x00000000080011b8       0x2c ./Core/Src/ta6932.o
                0x00000000080011b8                TA6932_DisplayOn
 .text.TA6932_putRaw
                0x00000000080011e4       0x30 ./Core/Src/ta6932.o
                0x00000000080011e4                TA6932_putRaw
 .text.TA6932_putDigit
                0x0000000008001214       0x6c ./Core/Src/ta6932.o
                0x0000000008001214                TA6932_putDigit
 .text.TA6932_Init
                0x0000000008001280       0x24 ./Core/Src/ta6932.o
                0x0000000008001280                TA6932_Init
 .text.TA6932_WriteAll
                0x00000000080012a4       0x1c ./Core/Src/ta6932.o
                0x00000000080012a4                TA6932_WriteAll
 .text.Reset_Handler
                0x00000000080012c0       0x50 ./Core/Startup/startup_stm32c011f6px.o
                0x00000000080012c0                Reset_Handler
 .text.Default_Handler
                0x0000000008001310        0x2 ./Core/Startup/startup_stm32c011f6px.o
                0x0000000008001310                TIM1_CC_IRQHandler
                0x0000000008001310                I2C1_IRQHandler
                0x0000000008001310                DMAMUX1_IRQHandler
                0x0000000008001310                SPI1_IRQHandler
                0x0000000008001310                EXTI2_3_IRQHandler
                0x0000000008001310                ADC1_IRQHandler
                0x0000000008001310                TIM17_IRQHandler
                0x0000000008001310                RTC_IRQHandler
                0x0000000008001310                TIM16_IRQHandler
                0x0000000008001310                TIM3_IRQHandler
                0x0000000008001310                EXTI4_15_IRQHandler
                0x0000000008001310                RCC_IRQHandler
                0x0000000008001310                DMA1_Channel1_IRQHandler
                0x0000000008001310                Default_Handler
                0x0000000008001310                TIM14_IRQHandler
                0x0000000008001310                EXTI0_1_IRQHandler
                0x0000000008001310                WWDG_IRQHandler
                0x0000000008001310                DMA1_Channel2_3_IRQHandler
                0x0000000008001310                USART2_IRQHandler
                0x0000000008001310                FLASH_IRQHandler
                0x0000000008001310                USART1_IRQHandler
                0x0000000008001310                TIM1_BRK_UP_TRG_COM_IRQHandler
 .text.HAL_Init
                0x0000000008001312       0x2e ./Drivers/STM32C0xx_HAL_Driver/Src/stm32c0xx_hal.o
                0x0000000008001312                HAL_Init
 .text.HAL_InitTick
                0x0000000008001340       0x94 ./Drivers/STM32C0xx_HAL_Driver/Src/stm32c0xx_hal.o
                0x0000000008001340                HAL_InitTick
 .text.HAL_IncTick
                0x00000000080013d4       0x24 ./Drivers/STM32C0xx_HAL_Driver/Src/stm32c0xx_hal.o
                0x00000000080013d4                HAL_IncTick
 .text.HAL_GetTick
                0x00000000080013f8       0x14 ./Drivers/STM32C0xx_HAL_Driver/Src/stm32c0xx_hal.o
                0x00000000080013f8                HAL_GetTick
 .text.HAL_Delay
                0x000000000800140c       0x48 ./Drivers/STM32C0xx_HAL_Driver/Src/stm32c0xx_hal.o
                0x000000000800140c                HAL_Delay
 .text.__NVIC_SetPriority
                0x0000000008001454       0xdc ./Drivers/STM32C0xx_HAL_Driver/Src/stm32c0xx_hal_cortex.o
 .text.SysTick_Config
                0x0000000008001530       0x48 ./Drivers/STM32C0xx_HAL_Driver/Src/stm32c0xx_hal_cortex.o
 .text.HAL_NVIC_SetPriority
                0x0000000008001578       0x2a ./Drivers/STM32C0xx_HAL_Driver/Src/stm32c0xx_hal_cortex.o
                0x0000000008001578                HAL_NVIC_SetPriority
 .text.HAL_SYSTICK_Config
                0x00000000080015a2       0x1a ./Drivers/STM32C0xx_HAL_Driver/Src/stm32c0xx_hal_cortex.o
                0x00000000080015a2                HAL_SYSTICK_Config
 .text.HAL_GPIO_Init
                0x00000000080015bc      0x2d4 ./Drivers/STM32C0xx_HAL_Driver/Src/stm32c0xx_hal_gpio.o
                0x00000000080015bc                HAL_GPIO_Init
 .text.HAL_GPIO_WritePin
                0x0000000008001890       0x3a ./Drivers/STM32C0xx_HAL_Driver/Src/stm32c0xx_hal_gpio.o
                0x0000000008001890                HAL_GPIO_WritePin
 *fill*         0x00000000080018ca        0x2 
 .text.HAL_I2C_Init
                0x00000000080018cc      0x14c ./Drivers/STM32C0xx_HAL_Driver/Src/stm32c0xx_hal_i2c.o
                0x00000000080018cc                HAL_I2C_Init
 .text.HAL_I2C_Mem_Write
                0x0000000008001a18      0x25c ./Drivers/STM32C0xx_HAL_Driver/Src/stm32c0xx_hal_i2c.o
                0x0000000008001a18                HAL_I2C_Mem_Write
 .text.HAL_I2C_Mem_Read
                0x0000000008001c74      0x268 ./Drivers/STM32C0xx_HAL_Driver/Src/stm32c0xx_hal_i2c.o
                0x0000000008001c74                HAL_I2C_Mem_Read
 .text.I2C_RequestMemoryWrite
                0x0000000008001edc       0xc8 ./Drivers/STM32C0xx_HAL_Driver/Src/stm32c0xx_hal_i2c.o
 .text.I2C_RequestMemoryRead
                0x0000000008001fa4       0xc4 ./Drivers/STM32C0xx_HAL_Driver/Src/stm32c0xx_hal_i2c.o
 .text.I2C_Flush_TXDR
                0x0000000008002068       0x44 ./Drivers/STM32C0xx_HAL_Driver/Src/stm32c0xx_hal_i2c.o
 .text.I2C_WaitOnFlagUntilTimeout
                0x00000000080020ac       0x9c ./Drivers/STM32C0xx_HAL_Driver/Src/stm32c0xx_hal_i2c.o
 .text.I2C_WaitOnTXISFlagUntilTimeout
                0x0000000008002148       0x8c ./Drivers/STM32C0xx_HAL_Driver/Src/stm32c0xx_hal_i2c.o
 .text.I2C_WaitOnSTOPFlagUntilTimeout
                0x00000000080021d4       0x86 ./Drivers/STM32C0xx_HAL_Driver/Src/stm32c0xx_hal_i2c.o
 *fill*         0x000000000800225a        0x2 
 .text.I2C_IsErrorOccurred
                0x000000000800225c      0x200 ./Drivers/STM32C0xx_HAL_Driver/Src/stm32c0xx_hal_i2c.o
 .text.I2C_TransferConfig
                0x000000000800245c       0x74 ./Drivers/STM32C0xx_HAL_Driver/Src/stm32c0xx_hal_i2c.o
 .text.HAL_I2CEx_ConfigAnalogFilter
                0x00000000080024d0       0x98 ./Drivers/STM32C0xx_HAL_Driver/Src/stm32c0xx_hal_i2c_ex.o
                0x00000000080024d0                HAL_I2CEx_ConfigAnalogFilter
 .text.HAL_I2CEx_ConfigDigitalFilter
                0x0000000008002568       0x98 ./Drivers/STM32C0xx_HAL_Driver/Src/stm32c0xx_hal_i2c_ex.o
                0x0000000008002568                HAL_I2CEx_ConfigDigitalFilter
 .text.HAL_RCC_OscConfig
                0x0000000008002600      0x3c8 ./Drivers/STM32C0xx_HAL_Driver/Src/stm32c0xx_hal_rcc.o
                0x0000000008002600                HAL_RCC_OscConfig
 .text.HAL_RCC_ClockConfig
                0x00000000080029c8      0x214 ./Drivers/STM32C0xx_HAL_Driver/Src/stm32c0xx_hal_rcc.o
                0x00000000080029c8                HAL_RCC_ClockConfig
 .text.HAL_RCC_GetSysClockFreq
                0x0000000008002bdc       0x84 ./Drivers/STM32C0xx_HAL_Driver/Src/stm32c0xx_hal_rcc.o
                0x0000000008002bdc                HAL_RCC_GetSysClockFreq
 .text.HAL_RCCEx_PeriphCLKConfig
                0x0000000008002c60      0x1dc ./Drivers/STM32C0xx_HAL_Driver/Src/stm32c0xx_hal_rcc_ex.o
                0x0000000008002c60                HAL_RCCEx_PeriphCLKConfig
 .text.HAL_SPI_Init
                0x0000000008002e3c      0x170 ./Drivers/STM32C0xx_HAL_Driver/Src/stm32c0xx_hal_spi.o
                0x0000000008002e3c                HAL_SPI_Init
 .text.HAL_SPI_Transmit
                0x0000000008002fac      0x312 ./Drivers/STM32C0xx_HAL_Driver/Src/stm32c0xx_hal_spi.o
                0x0000000008002fac                HAL_SPI_Transmit
 *fill*         0x00000000080032be        0x2 
 .text.SPI_WaitFlagStateUntilTimeout
                0x00000000080032c0      0x11c ./Drivers/STM32C0xx_HAL_Driver/Src/stm32c0xx_hal_spi.o
 .text.SPI_WaitFifoStateUntilTimeout
                0x00000000080033dc      0x144 ./Drivers/STM32C0xx_HAL_Driver/Src/stm32c0xx_hal_spi.o
 .text.SPI_EndRxTxTransaction
                0x0000000008003520       0x8c ./Drivers/STM32C0xx_HAL_Driver/Src/stm32c0xx_hal_spi.o
 .text.memset   0x00000000080035ac       0x10 C:/ST/STM32CubeIDE_1.14.0/STM32CubeIDE/plugins/com.st.stm32cube.ide.mcu.externaltools.gnu-tools-for-stm32.11.3.rel1.win32_1.1.100.202309141235/tools/bin/../lib/gcc/arm-none-eabi/11.3.1/../../../../arm-none-eabi/lib/thumb/v6-m/nofp\libc_nano.a(libc_a-memset.o)
                0x00000000080035ac                memset
 .text.__libc_init_array
                0x00000000080035bc       0x48 C:/ST/STM32CubeIDE_1.14.0/STM32CubeIDE/plugins/com.st.stm32cube.ide.mcu.externaltools.gnu-tools-for-stm32.11.3.rel1.win32_1.1.100.202309141235/tools/bin/../lib/gcc/arm-none-eabi/11.3.1/../../../../arm-none-eabi/lib/thumb/v6-m/nofp\libc_nano.a(libc_a-init.o)
                0x00000000080035bc                __libc_init_array
 .text.memcpy   0x0000000008003604       0x12 C:/ST/STM32CubeIDE_1.14.0/STM32CubeIDE/plugins/com.st.stm32cube.ide.mcu.externaltools.gnu-tools-for-stm32.11.3.rel1.win32_1.1.100.202309141235/tools/bin/../lib/gcc/arm-none-eabi/11.3.1/../../../../arm-none-eabi/lib/thumb/v6-m/nofp\libc_nano.a(libc_a-memcpy-stub.o)
                0x0000000008003604                memcpy
 *(.glue_7)
 .glue_7        0x0000000008003616        0x0 linker stubs
 *(.glue_7t)
 .glue_7t       0x0000000008003616        0x0 linker stubs
 *(.eh_frame)
 *fill*         0x0000000008003616        0x2 
 .eh_frame      0x0000000008003618        0x0 C:/ST/STM32CubeIDE_1.14.0/STM32CubeIDE/plugins/com.st.stm32cube.ide.mcu.externaltools.gnu-tools-for-stm32.11.3.rel1.win32_1.1.100.202309141235/tools/bin/../lib/gcc/arm-none-eabi/11.3.1/thumb/v6-m/nofp/crtbegin.o
 *(.init)
 .init          0x0000000008003618        0x4 C:/ST/STM32CubeIDE_1.14.0/STM32CubeIDE/plugins/com.st.stm32cube.ide.mcu.externaltools.gnu-tools-for-stm32.11.3.rel1.win32_1.1.100.202309141235/tools/bin/../lib/gcc/arm-none-eabi/11.3.1/thumb/v6-m/nofp/crti.o
                0x0000000008003618                _init
 .init          0x000000000800361c        0x8 C:/ST/STM32CubeIDE_1.14.0/STM32CubeIDE/plugins/com.st.stm32cube.ide.mcu.externaltools.gnu-tools-for-stm32.11.3.rel1.win32_1.1.100.202309141235/tools/bin/../lib/gcc/arm-none-eabi/11.3.1/thumb/v6-m/nofp/crtn.o
 *(.fini)
 .fini          0x0000000008003624        0x4 C:/ST/STM32CubeIDE_1.14.0/STM32CubeIDE/plugins/com.st.stm32cube.ide.mcu.externaltools.gnu-tools-for-stm32.11.3.rel1.win32_1.1.100.202309141235/tools/bin/../lib/gcc/arm-none-eabi/11.3.1/thumb/v6-m/nofp/crti.o
                0x0000000008003624                _fini
 .fini          0x0000000008003628        0x8 C:/ST/STM32CubeIDE_1.14.0/STM32CubeIDE/plugins/com.st.stm32cube.ide.mcu.externaltools.gnu-tools-for-stm32.11.3.rel1.win32_1.1.100.202309141235/tools/bin/../lib/gcc/arm-none-eabi/11.3.1/thumb/v6-m/nofp/crtn.o
                0x0000000008003630                . = ALIGN (0x4)
                0x0000000008003630                _etext = .

.vfp11_veneer   0x0000000008003630        0x0
 .vfp11_veneer  0x0000000008003630        0x0 linker stubs

.v4_bx          0x0000000008003630        0x0
 .v4_bx         0x0000000008003630        0x0 linker stubs

.iplt           0x0000000008003630        0x0
 .iplt          0x0000000008003630        0x0 C:/ST/STM32CubeIDE_1.14.0/STM32CubeIDE/plugins/com.st.stm32cube.ide.mcu.externaltools.gnu-tools-for-stm32.11.3.rel1.win32_1.1.100.202309141235/tools/bin/../lib/gcc/arm-none-eabi/11.3.1/thumb/v6-m/nofp/crtbegin.o

.rodata         0x0000000008003630       0x48
                0x0000000008003630                . = ALIGN (0x4)
 *(.rodata)
 .rodata        0x0000000008003630        0x8 ./Core/Src/main.o
 *(.rodata*)
 .rodata.AHBPrescTable
                0x0000000008003638       0x40 ./Core/Src/system_stm32c0xx.o
                0x0000000008003638                AHBPrescTable
                0x0000000008003678                . = ALIGN (0x4)

.rel.dyn        0x0000000008003678        0x0
 .rel.iplt      0x0000000008003678        0x0 C:/ST/STM32CubeIDE_1.14.0/STM32CubeIDE/plugins/com.st.stm32cube.ide.mcu.externaltools.gnu-tools-for-stm32.11.3.rel1.win32_1.1.100.202309141235/tools/bin/../lib/gcc/arm-none-eabi/11.3.1/thumb/v6-m/nofp/crtbegin.o

.ARM.extab      0x0000000008003678        0x0
                0x0000000008003678                . = ALIGN (0x4)
 *(.ARM.extab* .gnu.linkonce.armextab.*)
                0x0000000008003678                . = ALIGN (0x4)

.ARM            0x0000000008003678        0x0
                0x0000000008003678                . = ALIGN (0x4)
                0x0000000008003678                __exidx_start = .
 *(.ARM.exidx*)
                0x0000000008003678                __exidx_end = .
                0x0000000008003678                . = ALIGN (0x4)

.preinit_array  0x0000000008003678        0x0
                0x0000000008003678                . = ALIGN (0x4)
                0x0000000008003678                PROVIDE (__preinit_array_start = .)
 *(.preinit_array*)
                0x0000000008003678                PROVIDE (__preinit_array_end = .)
                0x0000000008003678                . = ALIGN (0x4)

.init_array     0x0000000008003678        0x4
                0x0000000008003678                . = ALIGN (0x4)
                0x0000000008003678                PROVIDE (__init_array_start = .)
 *(SORT_BY_NAME(.init_array.*))
 *(.init_array*)
 .init_array    0x0000000008003678        0x4 C:/ST/STM32CubeIDE_1.14.0/STM32CubeIDE/plugins/com.st.stm32cube.ide.mcu.externaltools.gnu-tools-for-stm32.11.3.rel1.win32_1.1.100.202309141235/tools/bin/../lib/gcc/arm-none-eabi/11.3.1/thumb/v6-m/nofp/crtbegin.o
                0x000000000800367c                PROVIDE (__init_array_end = .)
                0x000000000800367c                . = ALIGN (0x4)

.fini_array     0x000000000800367c        0x4
                0x000000000800367c                . = ALIGN (0x4)
                [!provide]                        PROVIDE (__fini_array_start = .)
 *(SORT_BY_NAME(.fini_array.*))
 *(.fini_array*)
 .fini_array    0x000000000800367c        0x4 C:/ST/STM32CubeIDE_1.14.0/STM32CubeIDE/plugins/com.st.stm32cube.ide.mcu.externaltools.gnu-tools-for-stm32.11.3.rel1.win32_1.1.100.202309141235/tools/bin/../lib/gcc/arm-none-eabi/11.3.1/thumb/v6-m/nofp/crtbegin.o
                [!provide]                        PROVIDE (__fini_array_end = .)
                0x0000000008003680                . = ALIGN (0x4)
                0x0000000008003680                _sidata = LOADADDR (.data)

.data           0x0000000020000000       0x14 load address 0x0000000008003680
                0x0000000020000000                . = ALIGN (0x4)
                0x0000000020000000                _sdata = .
 *(.data)
 *(.data*)
 .data.prevSec.1
                0x0000000020000000        0x1 ./Core/Src/main.o
 *fill*         0x0000000020000001        0x3 
 .data.SystemCoreClock
                0x0000000020000004        0x4 ./Core/Src/system_stm32c0xx.o
                0x0000000020000004                SystemCoreClock
 .data.s_brightness
                0x0000000020000008        0x1 ./Core/Src/ta6932.o
 *fill*         0x0000000020000009        0x3 
 .data.uwTickPrio
                0x000000002000000c        0x4 ./Drivers/STM32C0xx_HAL_Driver/Src/stm32c0xx_hal.o
                0x000000002000000c                uwTickPrio
 .data.uwTickFreq
                0x0000000020000010        0x1 ./Drivers/STM32C0xx_HAL_Driver/Src/stm32c0xx_hal.o
                0x0000000020000010                uwTickFreq
 *(.RamFunc)
 *(.RamFunc*)
                0x0000000020000014                . = ALIGN (0x4)
 *fill*         0x0000000020000011        0x3 
                0x0000000020000014                _edata = .

.igot.plt       0x0000000020000014        0x0 load address 0x0000000008003694
 .igot.plt      0x0000000020000014        0x0 C:/ST/STM32CubeIDE_1.14.0/STM32CubeIDE/plugins/com.st.stm32cube.ide.mcu.externaltools.gnu-tools-for-stm32.11.3.rel1.win32_1.1.100.202309141235/tools/bin/../lib/gcc/arm-none-eabi/11.3.1/thumb/v6-m/nofp/crtbegin.o
                0x0000000020000014                . = ALIGN (0x4)

.bss            0x0000000020000014      0x178 load address 0x0000000008003694
                0x0000000020000014                _sbss = .
                0x0000000020000014                __bss_start__ = _sbss
 *(.bss)
 .bss           0x0000000020000014       0x1c C:/ST/STM32CubeIDE_1.14.0/STM32CubeIDE/plugins/com.st.stm32cube.ide.mcu.externaltools.gnu-tools-for-stm32.11.3.rel1.win32_1.1.100.202309141235/tools/bin/../lib/gcc/arm-none-eabi/11.3.1/thumb/v6-m/nofp/crtbegin.o
 *(.bss*)
 .bss.hI2C      0x0000000020000030        0x4 ./Core/Src/ds3231_v3.o
 .bss.hi2c1     0x0000000020000034       0x54 ./Core/Src/main.o
                0x0000000020000034                hi2c1
 .bss.hspi1     0x0000000020000088       0x64 ./Core/Src/main.o
                0x0000000020000088                hspi1
 .bss.t.2       0x00000000200000ec        0x8 ./Core/Src/main.o
 .bss.blink.0   0x00000000200000f4        0x1 ./Core/Src/main.o
 *fill*         0x00000000200000f5        0x3 
 .bss.font7seg  0x00000000200000f8       0x80 ./Core/Src/ta6932.o
 .bss.g_buf     0x0000000020000178       0x10 ./Core/Src/ta6932.o
 .bss.uwTick    0x0000000020000188        0x4 ./Drivers/STM32C0xx_HAL_Driver/Src/stm32c0xx_hal.o
                0x0000000020000188                uwTick
 *(COMMON)
                0x000000002000018c                . = ALIGN (0x4)
                0x000000002000018c                _ebss = .
                0x000000002000018c                __bss_end__ = _ebss

._user_heap_stack
                0x000000002000018c      0x604 load address 0x0000000008003694
                0x0000000020000190                . = ALIGN (0x8)
 *fill*         0x000000002000018c        0x4 
                [!provide]                        PROVIDE (end = .)
                0x0000000020000190                PROVIDE (_end = .)
                0x0000000020000390                . = (. + _Min_Heap_Size)
 *fill*         0x0000000020000190      0x200 
                0x0000000020000790                . = (. + _Min_Stack_Size)
 *fill*         0x0000000020000390      0x400 
                0x0000000020000790                . = ALIGN (0x8)

/DISCARD/
 libc.a(*)
 libm.a(*)
 libgcc.a(*)

.ARM.attributes
                0x0000000000000000       0x28
 *(.ARM.attributes)
 .ARM.attributes
                0x0000000000000000       0x1e C:/ST/STM32CubeIDE_1.14.0/STM32CubeIDE/plugins/com.st.stm32cube.ide.mcu.externaltools.gnu-tools-for-stm32.11.3.rel1.win32_1.1.100.202309141235/tools/bin/../lib/gcc/arm-none-eabi/11.3.1/thumb/v6-m/nofp/crti.o
 .ARM.attributes
                0x000000000000001e       0x2c C:/ST/STM32CubeIDE_1.14.0/STM32CubeIDE/plugins/com.st.stm32cube.ide.mcu.externaltools.gnu-tools-for-stm32.11.3.rel1.win32_1.1.100.202309141235/tools/bin/../lib/gcc/arm-none-eabi/11.3.1/thumb/v6-m/nofp/crtbegin.o
 .ARM.attributes
                0x000000000000004a       0x2c ./Core/Src/ds3231_v3.o
 .ARM.attributes
                0x0000000000000076       0x2c ./Core/Src/main.o
 .ARM.attributes
                0x00000000000000a2       0x2c ./Core/Src/stm32c0xx_hal_msp.o
 .ARM.attributes
                0x00000000000000ce       0x2c ./Core/Src/stm32c0xx_it.o
 .ARM.attributes
                0x00000000000000fa       0x2c ./Core/Src/system_stm32c0xx.o
 .ARM.attributes
                0x0000000000000126       0x2c ./Core/Src/ta6932.o
 .ARM.attributes
                0x0000000000000152       0x22 ./Core/Startup/startup_stm32c011f6px.o
 .ARM.attributes
                0x0000000000000174       0x2c ./Drivers/STM32C0xx_HAL_Driver/Src/stm32c0xx_hal.o
 .ARM.attributes
                0x00000000000001a0       0x2c ./Drivers/STM32C0xx_HAL_Driver/Src/stm32c0xx_hal_cortex.o
 .ARM.attributes
                0x00000000000001cc       0x2c ./Drivers/STM32C0xx_HAL_Driver/Src/stm32c0xx_hal_gpio.o
 .ARM.attributes
                0x00000000000001f8       0x2c ./Drivers/STM32C0xx_HAL_Driver/Src/stm32c0xx_hal_i2c.o
 .ARM.attributes
                0x0000000000000224       0x2c ./Drivers/STM32C0xx_HAL_Driver/Src/stm32c0xx_hal_i2c_ex.o
 .ARM.attributes
                0x0000000000000250       0x2c ./Drivers/STM32C0xx_HAL_Driver/Src/stm32c0xx_hal_rcc.o
 .ARM.attributes
                0x000000000000027c       0x2c ./Drivers/STM32C0xx_HAL_Driver/Src/stm32c0xx_hal_rcc_ex.o
 .ARM.attributes
                0x00000000000002a8       0x2c ./Drivers/STM32C0xx_HAL_Driver/Src/stm32c0xx_hal_spi.o
 .ARM.attributes
                0x00000000000002d4       0x2c C:/ST/STM32CubeIDE_1.14.0/STM32CubeIDE/plugins/com.st.stm32cube.ide.mcu.externaltools.gnu-tools-for-stm32.11.3.rel1.win32_1.1.100.202309141235/tools/bin/../lib/gcc/arm-none-eabi/11.3.1/../../../../arm-none-eabi/lib/thumb/v6-m/nofp\libc_nano.a(libc_a-memset.o)
 .ARM.attributes
                0x0000000000000300       0x2c C:/ST/STM32CubeIDE_1.14.0/STM32CubeIDE/plugins/com.st.stm32cube.ide.mcu.externaltools.gnu-tools-for-stm32.11.3.rel1.win32_1.1.100.202309141235/tools/bin/../lib/gcc/arm-none-eabi/11.3.1/../../../../arm-none-eabi/lib/thumb/v6-m/nofp\libc_nano.a(libc_a-init.o)
 .ARM.attributes
                0x000000000000032c       0x2c C:/ST/STM32CubeIDE_1.14.0/STM32CubeIDE/plugins/com.st.stm32cube.ide.mcu.externaltools.gnu-tools-for-stm32.11.3.rel1.win32_1.1.100.202309141235/tools/bin/../lib/gcc/arm-none-eabi/11.3.1/../../../../arm-none-eabi/lib/thumb/v6-m/nofp\libc_nano.a(libc_a-memcpy-stub.o)
 .ARM.attributes
                0x0000000000000358       0x1e C:/ST/STM32CubeIDE_1.14.0/STM32CubeIDE/plugins/com.st.stm32cube.ide.mcu.externaltools.gnu-tools-for-stm32.11.3.rel1.win32_1.1.100.202309141235/tools/bin/../lib/gcc/arm-none-eabi/11.3.1/thumb/v6-m/nofp\libgcc.a(_udivsi3.o)
 .ARM.attributes
                0x0000000000000376       0x1e C:/ST/STM32CubeIDE_1.14.0/STM32CubeIDE/plugins/com.st.stm32cube.ide.mcu.externaltools.gnu-tools-for-stm32.11.3.rel1.win32_1.1.100.202309141235/tools/bin/../lib/gcc/arm-none-eabi/11.3.1/thumb/v6-m/nofp\libgcc.a(_divsi3.o)
 .ARM.attributes
                0x0000000000000394       0x1e C:/ST/STM32CubeIDE_1.14.0/STM32CubeIDE/plugins/com.st.stm32cube.ide.mcu.externaltools.gnu-tools-for-stm32.11.3.rel1.win32_1.1.100.202309141235/tools/bin/../lib/gcc/arm-none-eabi/11.3.1/thumb/v6-m/nofp\libgcc.a(_dvmd_tls.o)
 .ARM.attributes
                0x00000000000003b2       0x1e C:/ST/STM32CubeIDE_1.14.0/STM32CubeIDE/plugins/com.st.stm32cube.ide.mcu.externaltools.gnu-tools-for-stm32.11.3.rel1.win32_1.1.100.202309141235/tools/bin/../lib/gcc/arm-none-eabi/11.3.1/thumb/v6-m/nofp/crtn.o
OUTPUT(TA6932_Test.elf elf32-littlearm)
LOAD linker stubs
LOAD C:/ST/STM32CubeIDE_1.14.0/STM32CubeIDE/plugins/com.st.stm32cube.ide.mcu.externaltools.gnu-tools-for-stm32.11.3.rel1.win32_1.1.100.202309141235/tools/bin/../lib/gcc/arm-none-eabi/11.3.1/../../../../arm-none-eabi/lib/thumb/v6-m/nofp\libc.a
LOAD C:/ST/STM32CubeIDE_1.14.0/STM32CubeIDE/plugins/com.st.stm32cube.ide.mcu.externaltools.gnu-tools-for-stm32.11.3.rel1.win32_1.1.100.202309141235/tools/bin/../lib/gcc/arm-none-eabi/11.3.1/../../../../arm-none-eabi/lib/thumb/v6-m/nofp\libm.a
LOAD C:/ST/STM32CubeIDE_1.14.0/STM32CubeIDE/plugins/com.st.stm32cube.ide.mcu.externaltools.gnu-tools-for-stm32.11.3.rel1.win32_1.1.100.202309141235/tools/bin/../lib/gcc/arm-none-eabi/11.3.1/thumb/v6-m/nofp\libgcc.a

.comment        0x0000000000000000       0x43
 .comment       0x0000000000000000       0x43 C:/ST/STM32CubeIDE_1.14.0/STM32CubeIDE/plugins/com.st.stm32cube.ide.mcu.externaltools.gnu-tools-for-stm32.11.3.rel1.win32_1.1.100.202309141235/tools/bin/../lib/gcc/arm-none-eabi/11.3.1/thumb/v6-m/nofp/crtbegin.o
                                         0x44 (size before relaxing)
 .comment       0x0000000000000043       0x44 ./Core/Src/ds3231_v3.o
 .comment       0x0000000000000043       0x44 ./Core/Src/main.o
 .comment       0x0000000000000043       0x44 ./Core/Src/stm32c0xx_hal_msp.o
 .comment       0x0000000000000043       0x44 ./Core/Src/stm32c0xx_it.o
 .comment       0x0000000000000043       0x44 ./Core/Src/system_stm32c0xx.o
 .comment       0x0000000000000043       0x44 ./Core/Src/ta6932.o
 .comment       0x0000000000000043       0x44 ./Drivers/STM32C0xx_HAL_Driver/Src/stm32c0xx_hal.o
 .comment       0x0000000000000043       0x44 ./Drivers/STM32C0xx_HAL_Driver/Src/stm32c0xx_hal_cortex.o
 .comment       0x0000000000000043       0x44 ./Drivers/STM32C0xx_HAL_Driver/Src/stm32c0xx_hal_gpio.o
 .comment       0x0000000000000043       0x44 ./Drivers/STM32C0xx_HAL_Driver/Src/stm32c0xx_hal_i2c.o
 .comment       0x0000000000000043       0x44 ./Drivers/STM32C0xx_HAL_Driver/Src/stm32c0xx_hal_i2c_ex.o
 .comment       0x0000000000000043       0x44 ./Drivers/STM32C0xx_HAL_Driver/Src/stm32c0xx_hal_rcc.o
 .comment       0x0000000000000043       0x44 ./Drivers/STM32C0xx_HAL_Driver/Src/stm32c0xx_hal_rcc_ex.o
 .comment       0x0000000000000043       0x44 ./Drivers/STM32C0xx_HAL_Driver/Src/stm32c0xx_hal_spi.o

.debug_info     0x0000000000000000     0xa1d5
 .debug_info    0x0000000000000000      0xb47 ./Core/Src/ds3231_v3.o
 .debug_info    0x0000000000000b47     0x1055 ./Core/Src/main.o
 .debug_info    0x0000000000001b9c      0xdc7 ./Core/Src/stm32c0xx_hal_msp.o
 .debug_info    0x0000000000002963       0xd3 ./Core/Src/stm32c0xx_it.o
 .debug_info    0x0000000000002a36      0x368 ./Core/Src/system_stm32c0xx.o
 .debug_info    0x0000000000002d9e      0xd8f ./Core/Src/ta6932.o
 .debug_info    0x0000000000003b2d       0x23 ./Core/Startup/startup_stm32c011f6px.o
 .debug_info    0x0000000000003b50      0x856 ./Drivers/STM32C0xx_HAL_Driver/Src/stm32c0xx_hal.o
 .debug_info    0x00000000000043a6      0x82a ./Drivers/STM32C0xx_HAL_Driver/Src/stm32c0xx_hal_cortex.o
 .debug_info    0x0000000000004bd0      0x5b7 ./Drivers/STM32C0xx_HAL_Driver/Src/stm32c0xx_hal_gpio.o
 .debug_info    0x0000000000005187     0x215f ./Drivers/STM32C0xx_HAL_Driver/Src/stm32c0xx_hal_i2c.o
 .debug_info    0x00000000000072e6      0x9dc ./Drivers/STM32C0xx_HAL_Driver/Src/stm32c0xx_hal_i2c_ex.o
 .debug_info    0x0000000000007cc2      0x8bf ./Drivers/STM32C0xx_HAL_Driver/Src/stm32c0xx_hal_rcc.o
 .debug_info    0x0000000000008581      0x551 ./Drivers/STM32C0xx_HAL_Driver/Src/stm32c0xx_hal_rcc_ex.o
 .debug_info    0x0000000000008ad2     0x1703 ./Drivers/STM32C0xx_HAL_Driver/Src/stm32c0xx_hal_spi.o

.debug_abbrev   0x0000000000000000     0x1e00
 .debug_abbrev  0x0000000000000000      0x20a ./Core/Src/ds3231_v3.o
 .debug_abbrev  0x000000000000020a      0x314 ./Core/Src/main.o
 .debug_abbrev  0x000000000000051e      0x1e0 ./Core/Src/stm32c0xx_hal_msp.o
 .debug_abbrev  0x00000000000006fe       0x73 ./Core/Src/stm32c0xx_it.o
 .debug_abbrev  0x0000000000000771      0x117 ./Core/Src/system_stm32c0xx.o
 .debug_abbrev  0x0000000000000888      0x28b ./Core/Src/ta6932.o
 .debug_abbrev  0x0000000000000b13       0x12 ./Core/Startup/startup_stm32c011f6px.o
 .debug_abbrev  0x0000000000000b25      0x2cb ./Drivers/STM32C0xx_HAL_Driver/Src/stm32c0xx_hal.o
 .debug_abbrev  0x0000000000000df0      0x2b7 ./Drivers/STM32C0xx_HAL_Driver/Src/stm32c0xx_hal_cortex.o
 .debug_abbrev  0x00000000000010a7      0x1d6 ./Drivers/STM32C0xx_HAL_Driver/Src/stm32c0xx_hal_gpio.o
 .debug_abbrev  0x000000000000127d      0x26f ./Drivers/STM32C0xx_HAL_Driver/Src/stm32c0xx_hal_i2c.o
 .debug_abbrev  0x00000000000014ec      0x1e2 ./Drivers/STM32C0xx_HAL_Driver/Src/stm32c0xx_hal_i2c_ex.o
 .debug_abbrev  0x00000000000016ce      0x2a8 ./Drivers/STM32C0xx_HAL_Driver/Src/stm32c0xx_hal_rcc.o
 .debug_abbrev  0x0000000000001976      0x225 ./Drivers/STM32C0xx_HAL_Driver/Src/stm32c0xx_hal_rcc_ex.o
 .debug_abbrev  0x0000000000001b9b      0x265 ./Drivers/STM32C0xx_HAL_Driver/Src/stm32c0xx_hal_spi.o

.debug_aranges  0x0000000000000000      0xa78
 .debug_aranges
                0x0000000000000000       0x90 ./Core/Src/ds3231_v3.o
 .debug_aranges
                0x0000000000000090       0x48 ./Core/Src/main.o
 .debug_aranges
                0x00000000000000d8       0x40 ./Core/Src/stm32c0xx_hal_msp.o
 .debug_aranges
                0x0000000000000118       0x40 ./Core/Src/stm32c0xx_it.o
 .debug_aranges
                0x0000000000000158       0x28 ./Core/Src/system_stm32c0xx.o
 .debug_aranges
                0x0000000000000180       0xe0 ./Core/Src/ta6932.o
 .debug_aranges
                0x0000000000000260       0x28 ./Core/Startup/startup_stm32c011f6px.o
 .debug_aranges
                0x0000000000000288      0x110 ./Drivers/STM32C0xx_HAL_Driver/Src/stm32c0xx_hal.o
 .debug_aranges
                0x0000000000000398       0xd8 ./Drivers/STM32C0xx_HAL_Driver/Src/stm32c0xx_hal_cortex.o
 .debug_aranges
                0x0000000000000470       0x68 ./Drivers/STM32C0xx_HAL_Driver/Src/stm32c0xx_hal_gpio.o
 .debug_aranges
                0x00000000000004d8      0x2a0 ./Drivers/STM32C0xx_HAL_Driver/Src/stm32c0xx_hal_i2c.o
 .debug_aranges
                0x0000000000000778       0x48 ./Drivers/STM32C0xx_HAL_Driver/Src/stm32c0xx_hal_i2c_ex.o
 .debug_aranges
                0x00000000000007c0       0xa0 ./Drivers/STM32C0xx_HAL_Driver/Src/stm32c0xx_hal_rcc.o
 .debug_aranges
                0x0000000000000860       0x40 ./Drivers/STM32C0xx_HAL_Driver/Src/stm32c0xx_hal_rcc_ex.o
 .debug_aranges
                0x00000000000008a0      0x1d8 ./Drivers/STM32C0xx_HAL_Driver/Src/stm32c0xx_hal_spi.o

.debug_rnglists
                0x0000000000000000      0x803
 .debug_rnglists
                0x0000000000000000       0x6b ./Core/Src/ds3231_v3.o
 .debug_rnglists
                0x000000000000006b       0x35 ./Core/Src/main.o
 .debug_rnglists
                0x00000000000000a0       0x2d ./Core/Src/stm32c0xx_hal_msp.o
 .debug_rnglists
                0x00000000000000cd       0x2b ./Core/Src/stm32c0xx_it.o
 .debug_rnglists
                0x00000000000000f8       0x1a ./Core/Src/system_stm32c0xx.o
 .debug_rnglists
                0x0000000000000112       0xa9 ./Core/Src/ta6932.o
 .debug_rnglists
                0x00000000000001bb       0x19 ./Core/Startup/startup_stm32c011f6px.o
 .debug_rnglists
                0x00000000000001d4       0xc8 ./Drivers/STM32C0xx_HAL_Driver/Src/stm32c0xx_hal.o
 .debug_rnglists
                0x000000000000029c       0x9f ./Drivers/STM32C0xx_HAL_Driver/Src/stm32c0xx_hal_cortex.o
 .debug_rnglists
                0x000000000000033b       0x4b ./Drivers/STM32C0xx_HAL_Driver/Src/stm32c0xx_hal_gpio.o
 .debug_rnglists
                0x0000000000000386      0x229 ./Drivers/STM32C0xx_HAL_Driver/Src/stm32c0xx_hal_i2c.o
 .debug_rnglists
                0x00000000000005af       0x35 ./Drivers/STM32C0xx_HAL_Driver/Src/stm32c0xx_hal_i2c_ex.o
 .debug_rnglists
                0x00000000000005e4       0x78 ./Drivers/STM32C0xx_HAL_Driver/Src/stm32c0xx_hal_rcc.o
 .debug_rnglists
                0x000000000000065c       0x2d ./Drivers/STM32C0xx_HAL_Driver/Src/stm32c0xx_hal_rcc_ex.o
 .debug_rnglists
                0x0000000000000689      0x17a ./Drivers/STM32C0xx_HAL_Driver/Src/stm32c0xx_hal_spi.o

.debug_macro    0x0000000000000000    0x12f79
 .debug_macro   0x0000000000000000      0x2b3 ./Core/Src/ds3231_v3.o
 .debug_macro   0x00000000000002b3      0xa7e ./Core/Src/ds3231_v3.o
 .debug_macro   0x0000000000000d31       0x22 ./Core/Src/ds3231_v3.o
 .debug_macro   0x0000000000000d53       0x8e ./Core/Src/ds3231_v3.o
 .debug_macro   0x0000000000000de1       0x51 ./Core/Src/ds3231_v3.o
 .debug_macro   0x0000000000000e32      0x103 ./Core/Src/ds3231_v3.o
 .debug_macro   0x0000000000000f35       0x6a ./Core/Src/ds3231_v3.o
 .debug_macro   0x0000000000000f9f      0x1df ./Core/Src/ds3231_v3.o
 .debug_macro   0x000000000000117e       0x2e ./Core/Src/ds3231_v3.o
 .debug_macro   0x00000000000011ac       0x28 ./Core/Src/ds3231_v3.o
 .debug_macro   0x00000000000011d4       0x1c ./Core/Src/ds3231_v3.o
 .debug_macro   0x00000000000011f0       0x22 ./Core/Src/ds3231_v3.o
 .debug_macro   0x0000000000001212       0xd1 ./Core/Src/ds3231_v3.o
 .debug_macro   0x00000000000012e3      0x4da ./Core/Src/ds3231_v3.o
 .debug_macro   0x00000000000017bd      0x11f ./Core/Src/ds3231_v3.o
 .debug_macro   0x00000000000018dc     0x91b4 ./Core/Src/ds3231_v3.o
 .debug_macro   0x000000000000aa90       0x6c ./Core/Src/ds3231_v3.o
 .debug_macro   0x000000000000aafc      0x16c ./Core/Src/ds3231_v3.o
 .debug_macro   0x000000000000ac68       0xe9 ./Core/Src/ds3231_v3.o
 .debug_macro   0x000000000000ad51     0x340f ./Core/Src/ds3231_v3.o
 .debug_macro   0x000000000000e160      0x174 ./Core/Src/ds3231_v3.o
 .debug_macro   0x000000000000e2d4       0x5b ./Core/Src/ds3231_v3.o
 .debug_macro   0x000000000000e32f      0x366 ./Core/Src/ds3231_v3.o
 .debug_macro   0x000000000000e695      0xaee ./Core/Src/ds3231_v3.o
 .debug_macro   0x000000000000f183      0x136 ./Core/Src/ds3231_v3.o
 .debug_macro   0x000000000000f2b9      0x15f ./Core/Src/ds3231_v3.o
 .debug_macro   0x000000000000f418      0x166 ./Core/Src/ds3231_v3.o
 .debug_macro   0x000000000000f57e      0x264 ./Core/Src/ds3231_v3.o
 .debug_macro   0x000000000000f7e2      0x17e ./Core/Src/ds3231_v3.o
 .debug_macro   0x000000000000f960       0x43 ./Core/Src/ds3231_v3.o
 .debug_macro   0x000000000000f9a3      0x1f1 ./Core/Src/ds3231_v3.o
 .debug_macro   0x000000000000fb94      0x1aa ./Core/Src/ds3231_v3.o
 .debug_macro   0x000000000000fd3e      0x352 ./Core/Src/ds3231_v3.o
 .debug_macro   0x0000000000010090       0x28 ./Core/Src/ds3231_v3.o
 .debug_macro   0x00000000000100b8       0xba ./Core/Src/ds3231_v3.o
 .debug_macro   0x0000000000010172      0x22c ./Core/Src/ds3231_v3.o
 .debug_macro   0x000000000001039e       0x5b ./Core/Src/ds3231_v3.o
 .debug_macro   0x00000000000103f9       0xa5 ./Core/Src/ds3231_v3.o
 .debug_macro   0x000000000001049e       0xff ./Core/Src/ds3231_v3.o
 .debug_macro   0x000000000001059d       0xc6 ./Core/Src/ds3231_v3.o
 .debug_macro   0x0000000000010663      0x2fe ./Core/Src/ds3231_v3.o
 .debug_macro   0x0000000000010961      0x3ba ./Core/Src/ds3231_v3.o
 .debug_macro   0x0000000000010d1b       0x64 ./Core/Src/ds3231_v3.o
 .debug_macro   0x0000000000010d7f       0x61 ./Core/Src/ds3231_v3.o
 .debug_macro   0x0000000000010de0       0x24 ./Core/Src/ds3231_v3.o
 .debug_macro   0x0000000000010e04       0x43 ./Core/Src/ds3231_v3.o
 .debug_macro   0x0000000000010e47       0x34 ./Core/Src/ds3231_v3.o
 .debug_macro   0x0000000000010e7b       0x16 ./Core/Src/ds3231_v3.o
 .debug_macro   0x0000000000010e91       0x43 ./Core/Src/ds3231_v3.o
 .debug_macro   0x0000000000010ed4       0x34 ./Core/Src/ds3231_v3.o
 .debug_macro   0x0000000000010f08       0x10 ./Core/Src/ds3231_v3.o
 .debug_macro   0x0000000000010f18       0x58 ./Core/Src/ds3231_v3.o
 .debug_macro   0x0000000000010f70       0x8e ./Core/Src/ds3231_v3.o
 .debug_macro   0x0000000000010ffe       0x1c ./Core/Src/ds3231_v3.o
 .debug_macro   0x000000000001101a      0x177 ./Core/Src/ds3231_v3.o
 .debug_macro   0x0000000000011191      0x369 ./Core/Src/ds3231_v3.o
 .debug_macro   0x00000000000114fa       0x10 ./Core/Src/ds3231_v3.o
 .debug_macro   0x000000000001150a       0x35 ./Core/Src/ds3231_v3.o
 .debug_macro   0x000000000001153f       0x20 ./Core/Src/ds3231_v3.o
 .debug_macro   0x000000000001155f      0x1f2 ./Core/Src/main.o
 .debug_macro   0x0000000000011751       0x52 ./Core/Src/main.o
 .debug_macro   0x00000000000117a3       0x1c ./Core/Src/main.o
 .debug_macro   0x00000000000117bf      0x1e0 ./Core/Src/stm32c0xx_hal_msp.o
 .debug_macro   0x000000000001199f      0x1ea ./Core/Src/stm32c0xx_it.o
 .debug_macro   0x0000000000011b89      0x1dc ./Core/Src/system_stm32c0xx.o
 .debug_macro   0x0000000000011d65      0x1e5 ./Core/Src/ta6932.o
 .debug_macro   0x0000000000011f4a       0x16 ./Core/Src/ta6932.o
 .debug_macro   0x0000000000011f60      0x1f4 ./Drivers/STM32C0xx_HAL_Driver/Src/stm32c0xx_hal.o
 .debug_macro   0x0000000000012154      0x1d6 ./Drivers/STM32C0xx_HAL_Driver/Src/stm32c0xx_hal_cortex.o
 .debug_macro   0x000000000001232a      0x20b ./Drivers/STM32C0xx_HAL_Driver/Src/stm32c0xx_hal_gpio.o
 .debug_macro   0x0000000000012535      0x2a2 ./Drivers/STM32C0xx_HAL_Driver/Src/stm32c0xx_hal_i2c.o
 .debug_macro   0x00000000000127d7      0x1d6 ./Drivers/STM32C0xx_HAL_Driver/Src/stm32c0xx_hal_i2c_ex.o
 .debug_macro   0x00000000000129ad      0x206 ./Drivers/STM32C0xx_HAL_Driver/Src/stm32c0xx_hal_rcc.o
 .debug_macro   0x0000000000012bb3      0x1e8 ./Drivers/STM32C0xx_HAL_Driver/Src/stm32c0xx_hal_rcc_ex.o
 .debug_macro   0x0000000000012d9b      0x1de ./Drivers/STM32C0xx_HAL_Driver/Src/stm32c0xx_hal_spi.o

.debug_line     0x0000000000000000     0xd582
 .debug_line    0x0000000000000000      0xb88 ./Core/Src/ds3231_v3.o
 .debug_line    0x0000000000000b88      0x941 ./Core/Src/main.o
 .debug_line    0x00000000000014c9      0x83d ./Core/Src/stm32c0xx_hal_msp.o
 .debug_line    0x0000000000001d06      0x7de ./Core/Src/stm32c0xx_it.o
 .debug_line    0x00000000000024e4      0x7bf ./Core/Src/system_stm32c0xx.o
 .debug_line    0x0000000000002ca3      0xc11 ./Core/Src/ta6932.o
 .debug_line    0x00000000000038b4       0x7d ./Core/Startup/startup_stm32c011f6px.o
 .debug_line    0x0000000000003931      0xb0e ./Drivers/STM32C0xx_HAL_Driver/Src/stm32c0xx_hal.o
 .debug_line    0x000000000000443f      0xba7 ./Drivers/STM32C0xx_HAL_Driver/Src/stm32c0xx_hal_cortex.o
 .debug_line    0x0000000000004fe6      0xbc4 ./Drivers/STM32C0xx_HAL_Driver/Src/stm32c0xx_hal_gpio.o
 .debug_line    0x0000000000005baa     0x3954 ./Drivers/STM32C0xx_HAL_Driver/Src/stm32c0xx_hal_i2c.o
 .debug_line    0x00000000000094fe      0x997 ./Drivers/STM32C0xx_HAL_Driver/Src/stm32c0xx_hal_i2c_ex.o
 .debug_line    0x0000000000009e95      0xd32 ./Drivers/STM32C0xx_HAL_Driver/Src/stm32c0xx_hal_rcc.o
 .debug_line    0x000000000000abc7      0xa1d ./Drivers/STM32C0xx_HAL_Driver/Src/stm32c0xx_hal_rcc_ex.o
 .debug_line    0x000000000000b5e4     0x1f9e ./Drivers/STM32C0xx_HAL_Driver/Src/stm32c0xx_hal_spi.o

.debug_str      0x0000000000000000    0x731a8
 .debug_str     0x0000000000000000    0x702cd ./Core/Src/ds3231_v3.o
                                      0x70a42 (size before relaxing)
 .debug_str     0x00000000000702cd      0x58a ./Core/Src/main.o
                                      0x6dd1b (size before relaxing)
 .debug_str     0x0000000000070857      0x14d ./Core/Src/stm32c0xx_hal_msp.o
                                      0x6da0f (size before relaxing)
 .debug_str     0x00000000000709a4       0x82 ./Core/Src/stm32c0xx_it.o
                                      0x6d03e (size before relaxing)
 .debug_str     0x0000000000070a26       0xb7 ./Core/Src/system_stm32c0xx.o
                                      0x6d12d (size before relaxing)
 .debug_str     0x0000000000070add      0x1a6 ./Core/Src/ta6932.o
                                      0x6d793 (size before relaxing)
 .debug_str     0x0000000000070c83       0x34 ./Core/Startup/startup_stm32c011f6px.o
                                         0x5a (size before relaxing)
 .debug_str     0x0000000000070cb7      0x5e9 ./Drivers/STM32C0xx_HAL_Driver/Src/stm32c0xx_hal.o
                                      0x6d779 (size before relaxing)
 .debug_str     0x00000000000712a0      0x27c ./Drivers/STM32C0xx_HAL_Driver/Src/stm32c0xx_hal_cortex.o
                                      0x6d515 (size before relaxing)
 .debug_str     0x000000000007151c      0x232 ./Drivers/STM32C0xx_HAL_Driver/Src/stm32c0xx_hal_gpio.o
                                      0x6d32c (size before relaxing)
 .debug_str     0x000000000007174e      0xec0 ./Drivers/STM32C0xx_HAL_Driver/Src/stm32c0xx_hal_i2c.o
                                      0x6e4fd (size before relaxing)
 .debug_str     0x000000000007260e       0xb8 ./Drivers/STM32C0xx_HAL_Driver/Src/stm32c0xx_hal_i2c_ex.o
                                      0x6d78f (size before relaxing)
 .debug_str     0x00000000000726c6      0x457 ./Drivers/STM32C0xx_HAL_Driver/Src/stm32c0xx_hal_rcc.o
                                      0x6d71f (size before relaxing)
 .debug_str     0x0000000000072b1d      0x128 ./Drivers/STM32C0xx_HAL_Driver/Src/stm32c0xx_hal_rcc_ex.o
                                      0x6d39d (size before relaxing)
 .debug_str     0x0000000000072c45      0x563 ./Drivers/STM32C0xx_HAL_Driver/Src/stm32c0xx_hal_spi.o
                                      0x6db1d (size before relaxing)

.debug_frame    0x0000000000000000     0x2520
 .debug_frame   0x0000000000000000      0x1fc ./Core/Src/ds3231_v3.o
 .debug_frame   0x00000000000001fc       0xc4 ./Core/Src/main.o
 .debug_frame   0x00000000000002c0       0xb0 ./Core/Src/stm32c0xx_hal_msp.o
 .debug_frame   0x0000000000000370       0x9c ./Core/Src/stm32c0xx_it.o
 .debug_frame   0x000000000000040c       0x4c ./Core/Src/system_stm32c0xx.o
 .debug_frame   0x0000000000000458      0x324 ./Core/Src/ta6932.o
 .debug_frame   0x000000000000077c      0x3a0 ./Drivers/STM32C0xx_HAL_Driver/Src/stm32c0xx_hal.o
 .debug_frame   0x0000000000000b1c      0x2fc ./Drivers/STM32C0xx_HAL_Driver/Src/stm32c0xx_hal_cortex.o
 .debug_frame   0x0000000000000e18      0x150 ./Drivers/STM32C0xx_HAL_Driver/Src/stm32c0xx_hal_gpio.o
 .debug_frame   0x0000000000000f68      0xa64 ./Drivers/STM32C0xx_HAL_Driver/Src/stm32c0xx_hal_i2c.o
 .debug_frame   0x00000000000019cc       0xd0 ./Drivers/STM32C0xx_HAL_Driver/Src/stm32c0xx_hal_i2c_ex.o
 .debug_frame   0x0000000000001a9c      0x214 ./Drivers/STM32C0xx_HAL_Driver/Src/stm32c0xx_hal_rcc.o
 .debug_frame   0x0000000000001cb0       0xac ./Drivers/STM32C0xx_HAL_Driver/Src/stm32c0xx_hal_rcc_ex.o
 .debug_frame   0x0000000000001d5c      0x710 ./Drivers/STM32C0xx_HAL_Driver/Src/stm32c0xx_hal_spi.o
 .debug_frame   0x000000000000246c       0x20 C:/ST/STM32CubeIDE_1.14.0/STM32CubeIDE/plugins/com.st.stm32cube.ide.mcu.externaltools.gnu-tools-for-stm32.11.3.rel1.win32_1.1.100.202309141235/tools/bin/../lib/gcc/arm-none-eabi/11.3.1/../../../../arm-none-eabi/lib/thumb/v6-m/nofp\libc_nano.a(libc_a-memset.o)
 .debug_frame   0x000000000000248c       0x2c C:/ST/STM32CubeIDE_1.14.0/STM32CubeIDE/plugins/com.st.stm32cube.ide.mcu.externaltools.gnu-tools-for-stm32.11.3.rel1.win32_1.1.100.202309141235/tools/bin/../lib/gcc/arm-none-eabi/11.3.1/../../../../arm-none-eabi/lib/thumb/v6-m/nofp\libc_nano.a(libc_a-init.o)
 .debug_frame   0x00000000000024b8       0x28 C:/ST/STM32CubeIDE_1.14.0/STM32CubeIDE/plugins/com.st.stm32cube.ide.mcu.externaltools.gnu-tools-for-stm32.11.3.rel1.win32_1.1.100.202309141235/tools/bin/../lib/gcc/arm-none-eabi/11.3.1/../../../../arm-none-eabi/lib/thumb/v6-m/nofp\libc_nano.a(libc_a-memcpy-stub.o)
 .debug_frame   0x00000000000024e0       0x20 C:/ST/STM32CubeIDE_1.14.0/STM32CubeIDE/plugins/com.st.stm32cube.ide.mcu.externaltools.gnu-tools-for-stm32.11.3.rel1.win32_1.1.100.202309141235/tools/bin/../lib/gcc/arm-none-eabi/11.3.1/thumb/v6-m/nofp\libgcc.a(_udivsi3.o)
 .debug_frame   0x0000000000002500       0x20 C:/ST/STM32CubeIDE_1.14.0/STM32CubeIDE/plugins/com.st.stm32cube.ide.mcu.externaltools.gnu-tools-for-stm32.11.3.rel1.win32_1.1.100.202309141235/tools/bin/../lib/gcc/arm-none-eabi/11.3.1/thumb/v6-m/nofp\libgcc.a(_divsi3.o)

.debug_line_str
                0x0000000000000000       0x4e
 .debug_line_str
                0x0000000000000000       0x4e ./Core/Startup/startup_stm32c011f6px.o
                                         0x66 (size before relaxing)
