../Core/Src/ta6932.c:12:20:TA_STB	16	static
../Core/Src/ta6932.c:15:26:TA_sendByte	16	static
../Core/Src/ta6932.c:18:13:TA_cmd	16	static
../Core/Src/ta6932.c:23:13:TA_writeSeq	32	static
../Core/Src/ta6932.c:36:13:font_init	8	static
../Core/Src/ta6932.c:81:6:TA6932_SetBrightness	16	static
../Core/Src/ta6932.c:86:6:TA6932_DisplayOn	8	static
../Core/Src/ta6932.c:89:6:TA6932_DisplayOff	8	static
../Core/Src/ta6932.c:94:6:TA6932_putRaw	16	static
../Core/Src/ta6932.c:96:6:TA6932_putDigit	32	static
../Core/Src/ta6932.c:102:6:TA6932_putChar	24	static
../Core/Src/ta6932.c:108:6:TA6932_setGlyph	16	static
../Core/Src/ta6932.c:113:6:TA6932_loadBuffer	24	static
../Core/Src/ta6932.c:116:6:TA6932_loadBuffer16	24	static
../Core/Src/ta6932.c:127:6:TA6932_Init	8	static
../Core/Src/ta6932.c:133:6:TA6932_WriteAll	8	static
../Core/Src/ta6932.c:136:6:TA6932_Clear	16	static
../Core/Src/ta6932.c:142:6:TA6932_WriteOneRaw	24	static
../Core/Src/ta6932.c:152:6:TA6932_putDigitOne	32	static
../Core/Src/ta6932.c:158:6:TA6932_putCharOne	24	static
../Core/Src/ta6932.c:166:16:TA_resolveValue	24	static
../Core/Src/ta6932.c:180:6:TA6932_putOne	48	static
../Core/Src/ta6932.c:184:6:TA6932_putOneBuf	48	static
../Core/Src/ta6932.c:190:6:TA6932_TestPattern	8	static
../Core/Src/ta6932.c:209:6:TA6932_CounterDemo	16	static
