../Core/Src/ta6932.c:7:20:TA_STB	16	static
../Core/Src/ta6932.c:11:26:TA_sendByte	16	static
../Core/Src/ta6932.c:15:13:TA_cmd	16	static
../Core/Src/ta6932.c:21:13:TA_writeSeq	32	static
../Core/Src/ta6932.c:34:13:font_init	8	static
../Core/Src/ta6932.c:87:6:TA6932_SetBrightness	16	static
../Core/Src/ta6932.c:92:6:TA6932_DisplayOn	8	static
../Core/Src/ta6932.c:96:6:TA6932_DisplayOff	8	static
../Core/Src/ta6932.c:101:6:TA6932_putRaw	16	static
../Core/Src/ta6932.c:103:6:TA6932_putDigit	32	static
../Core/Src/ta6932.c:110:6:TA6932_putChar	24	static
../Core/Src/ta6932.c:117:6:TA6932_setGlyph	16	static
../Core/Src/ta6932.c:122:6:TA6932_loadBuffer	24	static
../Core/Src/ta6932.c:125:6:TA6932_loadBuffer16	24	static
../Core/Src/ta6932.c:136:6:TA6932_Init	8	static
../Core/Src/ta6932.c:143:6:TA6932_WriteAll	8	static
../Core/Src/ta6932.c:147:6:TA6932_Clear	16	static
../Core/Src/ta6932.c:154:6:TA6932_WriteOneRaw	24	static
../Core/Src/ta6932.c:167:6:TA6932_putDigitOne	32	static
../Core/Src/ta6932.c:174:6:TA6932_putCharOne	24	static
../Core/Src/ta6932.c:182:6:TA6932_TestPattern	8	static
../Core/Src/ta6932.c:202:6:TA6932_CounterDemo	16	static
