../Core/Src/ta6932.c:14:20:TA_STB	16	static
../Core/Src/ta6932.c:17:26:TA_sendByte	16	static
../Core/Src/ta6932.c:20:13:TA_cmd	16	static
../Core/Src/ta6932.c:25:13:TA_writeSeq	32	static
../Core/Src/ta6932.c:38:13:font_init	8	static
../Core/Src/ta6932.c:83:6:TA6932_SetBrightness	16	static
../Core/Src/ta6932.c:88:6:TA6932_DisplayOn	8	static
../Core/Src/ta6932.c:91:6:TA6932_DisplayOff	8	static
../Core/Src/ta6932.c:96:6:TA6932_putRaw	16	static
../Core/Src/ta6932.c:98:6:TA6932_putDigit	32	static
../Core/Src/ta6932.c:104:6:TA6932_putChar	24	static
../Core/Src/ta6932.c:110:6:TA6932_setGlyph	16	static
../Core/Src/ta6932.c:115:6:TA6932_loadBuffer	24	static
../Core/Src/ta6932.c:118:6:TA6932_loadBuffer16	24	static
../Core/Src/ta6932.c:129:6:TA6932_Init	8	static
../Core/Src/ta6932.c:135:6:TA6932_WriteAll	8	static
../Core/Src/ta6932.c:138:6:TA6932_Clear	16	static
../Core/Src/ta6932.c:144:6:TA6932_WriteOneRaw	24	static
../Core/Src/ta6932.c:154:6:TA6932_putDigitOne	32	static
../Core/Src/ta6932.c:160:6:TA6932_putCharOne	24	static
../Core/Src/ta6932.c:168:16:TA_resolveValue	24	static
../Core/Src/ta6932.c:182:6:TA6932_putOne	48	static
../Core/Src/ta6932.c:186:6:TA6932_putOneBuf	48	static
../Core/Src/ta6932.c:192:6:TA6932_TestPattern	8	static
../Core/Src/ta6932.c:211:6:TA6932_CounterDemo	16	static
